Archive member included to satisfy reference by file (symbol)

c:/program files (x86)/atmel/studio/7.0/toolchain/arm/arm-gnu-toolchain/bin/../lib/gcc/arm-none-eabi/6.3.1/../../../../arm-none-eabi/lib/thumb/v7e-m\libm.a(lib_a-w_log.o)
                              src/ADC.o (log)
c:/program files (x86)/atmel/studio/7.0/toolchain/arm/arm-gnu-toolchain/bin/../lib/gcc/arm-none-eabi/6.3.1/../../../../arm-none-eabi/lib/thumb/v7e-m\libm.a(lib_a-w_sqrt.o)
                              src/motor_speed.o (sqrt)
c:/program files (x86)/atmel/studio/7.0/toolchain/arm/arm-gnu-toolchain/bin/../lib/gcc/arm-none-eabi/6.3.1/../../../../arm-none-eabi/lib/thumb/v7e-m\libm.a(lib_a-e_log.o)
                              c:/program files (x86)/atmel/studio/7.0/toolchain/arm/arm-gnu-toolchain/bin/../lib/gcc/arm-none-eabi/6.3.1/../../../../arm-none-eabi/lib/thumb/v7e-m\libm.a(lib_a-w_log.o) (__ieee754_log)
c:/program files (x86)/atmel/studio/7.0/toolchain/arm/arm-gnu-toolchain/bin/../lib/gcc/arm-none-eabi/6.3.1/../../../../arm-none-eabi/lib/thumb/v7e-m\libm.a(lib_a-e_sqrt.o)
                              c:/program files (x86)/atmel/studio/7.0/toolchain/arm/arm-gnu-toolchain/bin/../lib/gcc/arm-none-eabi/6.3.1/../../../../arm-none-eabi/lib/thumb/v7e-m\libm.a(lib_a-w_sqrt.o) (__ieee754_sqrt)
c:/program files (x86)/atmel/studio/7.0/toolchain/arm/arm-gnu-toolchain/bin/../lib/gcc/arm-none-eabi/6.3.1/../../../../arm-none-eabi/lib/thumb/v7e-m\libm.a(lib_a-s_lib_ver.o)
                              c:/program files (x86)/atmel/studio/7.0/toolchain/arm/arm-gnu-toolchain/bin/../lib/gcc/arm-none-eabi/6.3.1/../../../../arm-none-eabi/lib/thumb/v7e-m\libm.a(lib_a-w_log.o) (__fdlib_version)
c:/program files (x86)/atmel/studio/7.0/toolchain/arm/arm-gnu-toolchain/bin/../lib/gcc/arm-none-eabi/6.3.1/../../../../arm-none-eabi/lib/thumb/v7e-m\libm.a(lib_a-s_matherr.o)
                              c:/program files (x86)/atmel/studio/7.0/toolchain/arm/arm-gnu-toolchain/bin/../lib/gcc/arm-none-eabi/6.3.1/../../../../arm-none-eabi/lib/thumb/v7e-m\libm.a(lib_a-w_log.o) (matherr)
c:/program files (x86)/atmel/studio/7.0/toolchain/arm/arm-gnu-toolchain/bin/../lib/gcc/arm-none-eabi/6.3.1/../../../../arm-none-eabi/lib/thumb/v7e-m\libm.a(lib_a-s_nan.o)
                              c:/program files (x86)/atmel/studio/7.0/toolchain/arm/arm-gnu-toolchain/bin/../lib/gcc/arm-none-eabi/6.3.1/../../../../arm-none-eabi/lib/thumb/v7e-m\libm.a(lib_a-w_log.o) (nan)
c:/program files (x86)/atmel/studio/7.0/toolchain/arm/arm-gnu-toolchain/bin/../lib/gcc/arm-none-eabi/6.3.1/thumb/v7e-m\libgcc.a(_arm_addsubdf3.o)
                              src/ADC.o (__aeabi_dsub)
c:/program files (x86)/atmel/studio/7.0/toolchain/arm/arm-gnu-toolchain/bin/../lib/gcc/arm-none-eabi/6.3.1/thumb/v7e-m\libgcc.a(_arm_muldivdf3.o)
                              src/ADC.o (__aeabi_dmul)
c:/program files (x86)/atmel/studio/7.0/toolchain/arm/arm-gnu-toolchain/bin/../lib/gcc/arm-none-eabi/6.3.1/thumb/v7e-m\libgcc.a(_arm_cmpdf2.o)
                              c:/program files (x86)/atmel/studio/7.0/toolchain/arm/arm-gnu-toolchain/bin/../lib/gcc/arm-none-eabi/6.3.1/../../../../arm-none-eabi/lib/thumb/v7e-m\libm.a(lib_a-w_log.o) (__aeabi_dcmpeq)
c:/program files (x86)/atmel/studio/7.0/toolchain/arm/arm-gnu-toolchain/bin/../lib/gcc/arm-none-eabi/6.3.1/thumb/v7e-m\libgcc.a(_arm_unorddf2.o)
                              c:/program files (x86)/atmel/studio/7.0/toolchain/arm/arm-gnu-toolchain/bin/../lib/gcc/arm-none-eabi/6.3.1/../../../../arm-none-eabi/lib/thumb/v7e-m\libm.a(lib_a-w_log.o) (__aeabi_dcmpun)
c:/program files (x86)/atmel/studio/7.0/toolchain/arm/arm-gnu-toolchain/bin/../lib/gcc/arm-none-eabi/6.3.1/thumb/v7e-m\libgcc.a(_arm_fixdfsi.o)
                              src/motor_speed.o (__aeabi_d2iz)
c:/program files (x86)/atmel/studio/7.0/toolchain/arm/arm-gnu-toolchain/bin/../lib/gcc/arm-none-eabi/6.3.1/thumb/v7e-m\libgcc.a(_arm_fixunsdfsi.o)
                              src/motor_speed.o (__aeabi_d2uiz)
c:/program files (x86)/atmel/studio/7.0/toolchain/arm/arm-gnu-toolchain/bin/../lib/gcc/arm-none-eabi/6.3.1/thumb/v7e-m\libgcc.a(_arm_truncdfsf2.o)
                              src/ADC.o (__aeabi_d2f)
c:/program files (x86)/atmel/studio/7.0/toolchain/arm/arm-gnu-toolchain/bin/../lib/gcc/arm-none-eabi/6.3.1/thumb/v7e-m\libgcc.a(_arm_addsubsf3.o)
                              src/motor_speed.o (__aeabi_fsub)
c:/program files (x86)/atmel/studio/7.0/toolchain/arm/arm-gnu-toolchain/bin/../lib/gcc/arm-none-eabi/6.3.1/thumb/v7e-m\libgcc.a(_arm_muldivsf3.o)
                              src/Accessory.o (__aeabi_fmul)
c:/program files (x86)/atmel/studio/7.0/toolchain/arm/arm-gnu-toolchain/bin/../lib/gcc/arm-none-eabi/6.3.1/thumb/v7e-m\libgcc.a(_arm_cmpsf2.o)
                              src/motor_speed.o (__aeabi_fcmplt)
c:/program files (x86)/atmel/studio/7.0/toolchain/arm/arm-gnu-toolchain/bin/../lib/gcc/arm-none-eabi/6.3.1/thumb/v7e-m\libgcc.a(_arm_fixsfsi.o)
[...]
Memory Configuration

Name             Origin             Length             Attributes
rom              0x00400000         0x00100000         xr
ram              0x20000000         0x00014000         xrw
*default*        0x00000000         0xffffffff

Linker script and memory map

LOAD c:/program files (x86)/atmel/studio/7.0/toolchain/arm/arm-gnu-toolchain/bin/../lib/gcc/arm-none-eabi/6.3.1/thumb/v7e-m/crti.o
LOAD c:/program files (x86)/atmel/studio/7.0/toolchain/arm/arm-gnu-toolchain/bin/../lib/gcc/arm-none-eabi/6.3.1/thumb/v7e-m/crtbegin.o
LOAD c:/program files (x86)/atmel/studio/7.0/toolchain/arm/arm-gnu-toolchain/bin/../lib/gcc/arm-none-eabi/6.3.1/../../../../arm-none-eabi/lib/thumb/v7e-m/crt0.o
LOAD src/Accessory.o
LOAD src/ADC.o
LOAD src/Admin_Messages.o
LOAD src/Alarm.o
LOAD src/ASF/common/services/sleepmgr/sam/sleepmgr.o
LOAD src/ASF/sam/drivers/adc/adc2.o
LOAD src/ASF/sam/drivers/efc/efc.o
LOAD src/ASF/sam/drivers/pdc/pdc.o
LOAD src/ASF/sam/drivers/rstc/rstc.o
LOAD src/ASF/sam/drivers/rtc/rtc.o
LOAD src/ASF/sam/drivers/twi/twi.o
LOAD src/ASF/sam/drivers/usart/usart.o
LOAD src/ASF/sam/drivers/wdt/wdt.o
LOAD src/ASF/sam/services/flash_efc/flash_efc.o
LOAD src/MASTER_I2C.o
LOAD src/motor_speed.o
LOAD src/Scheduler.o
LOAD src/Serial1_Class.o
LOAD src/Serial2_Class.o
LOAD src/Seriale_1.o
LOAD src/Seriale_2.o
LOAD src/shell.o
LOAD src/Testing_HW.o
LOAD src/Weekly_Prog.o
LOAD src/ASF/common/services/serial/usart_serial.o
LOAD src/ASF/common/services/delay/sam/cycle_counter.o
LOAD src/ASF/common/services/clock/sam4n/sysclk.o
LOAD src/ASF/sam/drivers/pmc/pmc.o
LOAD src/ASF/sam/drivers/tc/tc.o
LOAD src/ASF/sam/drivers/uart/uart.o
LOAD src/ASF/sam/drivers/pmc/sleep.o
LOAD src/ASF/common/boards/user_board/init.o
LOAD src/ASF/common/utils/interrupt/interrupt_sam_nvic.o
LOAD src/ASF/sam/utils/cmsis/sam4n/source/templates/exceptions.o
LOAD src/ASF/sam/utils/cmsis/sam4n/source/templates/gcc/startup_sam4n.o
LOAD src/ASF/sam/utils/cmsis/sam4n/source/templates/system_sam4n.o
LOAD src/ASF/sam/utils/syscalls/gcc/syscalls.o
LOAD src/Clima_Func.o
LOAD src/eeprom_func.o
LOAD src/Filter_Func.o
LOAD src/HW_func.o
LOAD src/main.o
START GROUP
LOAD ../src/ASF/thirdparty/CMSIS/Lib/GCC\libarm_cortexM4l_math.a
LOAD c:/program files (x86)/atmel/studio/7.0/toolchain/arm/arm-gnu-toolchain/bin/../lib/gcc/arm-none-eabi/6.3.1/../../../../arm-none-eabi/lib/thumb/v7e-m\libm.a
END GROUP
START GROUP
LOAD c:/program files (x86)/atmel/studio/7.0/toolchain/arm/arm-gnu-toolchain/bin/../lib/gcc/arm-none-eabi/6.3.1/thumb/v7e-m\libgcc.a
LOAD c:/program files (x86)/atmel/studio/7.0/toolchain/arm/arm-gnu-toolchain/bin/../lib/gcc/arm-none-eabi/6.3.1/../../../../arm-none-eabi/lib/thumb/v7e-m\libc.a
END GROUP
LOAD c:/program files (x86)/atmel/studio/7.0/toolchain/arm/arm-gnu-toolchain/bin/../lib/gcc/arm-none-eabi/6.3.1/thumb/v7e-m/crtend.o
LOAD c:/program files (x86)/atmel/studio/7.0/toolchain/arm/arm-gnu-toolchain/bin/../lib/gcc/arm-none-eabi/6.3.1/thumb/v7e-m/crtn.o
                0x00003000                __stack_size__ = DEFINED (__stack_size__)?__stack_size__:0x3000
                0x20013ffc                __ram_end__ = ((ORIGIN (ram) + LENGTH (ram)) - 0x4)

.text           0x00400000    0x13e54
                0x00400000                . = ALIGN (0x4)
                0x00400000                _sfixed = .
 *(.vectors .vectors.*)
 .vectors       0x00400000       0xc0 src/ASF/sam/utils/cmsis/sam4n/source/templates/gcc/startup_sam4n.o
                0x00400000                exception_table
 *(.text .text.* .gnu.linkonce.t.*)
 .text          0x004000c0       0x6c c:/program files (x86)/atmel/studio/7.0/toolchain/arm/arm-gnu-toolchain/bin/../lib/gcc/arm-none-eabi/6.3.1/thumb/v7e-m/crtbegin.o
 .text.DigitAccessoryOperating
                0x0040012c       0x24 src/Accessory.o
                0x0040012c                DigitAccessoryOperating
 .text.DigitAccessoryOn
                0x00400150       0x24 src/Accessory.o
                0x00400150                DigitAccessoryOn
 .text.TAG_DigitAccessoryOn.part.0
                0x00400174       0x30 src/Accessory.o
 .text.AccessoryPresent_EepList
                0x004001a4       0x28 src/Accessory.o
                0x004001a4                AccessoryPresent_EepList
 .text.TAG_DigitAccessoryOn
                0x004001cc       0x10 src/Accessory.o
                0x004001cc                TAG_DigitAccessoryOn
 .text.TAG_DigitAccessoryOff
                0x004001dc       0x34 src/Accessory.o
                0x004001dc                TAG_DigitAccessoryOff
 .text.TAG_DigitAccessoryOperating
                0x00400210       0x1c src/Accessory.o
                0x00400210                TAG_DigitAccessoryOperating
 .text.TAG_DigitAccessoryNotOperating
                0x0040022c       0x1c src/Accessory.o
                0x0040022c                TAG_DigitAccessoryNotOperating
 .text.located_pos_AccessoyToEep
                0x00400248       0xb0 src/Accessory.o
                0x00400248                located_pos_AccessoyToEep
 .text.InsertDigitAccessory
                0x004002f8      0x104 src/Accessory.o
                0x004002f8                InsertDigitAccessory
 .text.RemoveDigitAccessory
                0x004003fc      0x114 src/Accessory.o
                0x004003fc                RemoveDigitAccessory
 .text.read_Access_clima
                0x00400510      0x19c src/Accessory.o
                0x00400510                read_Access_clima
 .text.read_Access_Dxd
                0x004006ac       0xbc src/Accessory.o
                0x004006ac                read_Access_Dxd
 .text.write_func_compressor_Dxd
                0x00400768       0x68 src/Accessory.o
                0x00400768                write_func_compressor_Dxd
 .text.write_regulate_Dxd
                0x004007d0       0x7c src/Accessory.o
                0x004007d0                write_regulate_Dxd
 .text.read_DSC
                0x0040084c       0xa8 src/Accessory.o
                0x0040084c                read_DSC
 .text.read_Sensor_Air
                0x004008f4      0x28c src/Accessory.o
                0x004008f4                read_Sensor_Air
 .text.read_Sensor_Pressure
                0x00400b80       0x9c src/Accessory.o
                0x00400b80                read_Sensor_Pressure
 .text.probeQAirActive
                0x00400c1c       0x68 src/Accessory.o
                0x00400c1c                probeQAirActive
 .text.calcola_portata
                0x00400c84      0x18c src/Accessory.o
                0x00400c84                calcola_portata
 .text.read_ext_Sensor
                0x00400e10      0x15c src/Accessory.o
                0x00400e10                read_ext_Sensor
 .text.pollingDigitAccessory
                0x00400f6c      0x770 src/Accessory.o
                0x00400f6c                pollingDigitAccessory
 *fill*         0x004016dc        0x4 
 .text.read_probeTemp
                0x004016e0       0xbc src/ADC.o
                0x004016e0                read_probeTemp
 .text.read_analogInput
                0x0040179c      0x2c0 src/ADC.o
                0x0040179c                read_analogInput
 .text.intercepts_messages_serial_1
                0x00401a5c      0xb58 src/Admin_Messages.o
                0x00401a5c                intercepts_messages_serial_1
 .text.update_EB_RemoteCTRL
                0x004025b4       0x40 src/Admin_Messages.o
                0x004025b4                update_EB_RemoteCTRL
 *fill*         0x004025f4        0x4 
 .text.intercepts_messages_serial_2
                0x004025f8      0x3a8 src/Admin_Messages.o
                0x004025f8                intercepts_messages_serial_2
 .text.processes_messages
                0x004029a0       0x38 src/Admin_Messages.o
                0x004029a0                processes_messages
 .text.polling_CTRL_FAN
                0x004029d8      0x1ac src/Admin_Messages.o
                0x004029d8                polling_CTRL_FAN
 .text.polling_ModBus
                0x00402b84      0x6b0 src/Admin_Messages.o
                0x00402b84                polling_ModBus
 .text.polling_serial_2
                0x00403234       0x94 src/Admin_Messages.o
                0x00403234                polling_serial_2
 .text.InitAlarm
                0x004032c8       0x2c src/Alarm.o
                0x004032c8                InitAlarm
 .text.CkAlarm  0x004032f4       0x20 src/Alarm.o
                0x004032f4                CkAlarm
 .text.InsertAlarm
                0x00403314       0x20 src/Alarm.o
                0x00403314                InsertAlarm
 .text.InsertDelayAlarm
                0x00403334       0x34 src/Alarm.o
                0x00403334                InsertDelayAlarm
 .text.RemoveAlarm
                0x00403368       0x34 src/Alarm.o
                0x00403368                RemoveAlarm
 .text.adc_get_config_defaults
                0x0040339c       0x28 src/ASF/sam/drivers/adc/adc2.o
                0x0040339c                adc_get_config_defaults
 .text.adc_set_resolution
                0x004033c4       0x2a src/ASF/sam/drivers/adc/adc2.o
                0x004033c4                adc_set_resolution
 *fill*         0x004033ee        0x2 
 .text.adc_init
                0x004033f0       0x94 src/ASF/sam/drivers/adc/adc2.o
                0x004033f0                adc_init
 .text.ADC_Handler
                0x00403484       0x38 src/ASF/sam/drivers/adc/adc2.o
                0x00403484                ADC_Handler
 .text.adc_enable
                0x004034bc       0x50 src/ASF/sam/drivers/adc/adc2.o
                0x004034bc                adc_enable
 .text.efc_init
                0x0040350c       0x1c src/ASF/sam/drivers/efc/efc.o
                0x0040350c                efc_init
 .text.efc_perform_command
                0x00403528       0x58 src/ASF/sam/drivers/efc/efc.o
                0x00403528                efc_perform_command
 .text.pdc_rx_init
                0x00403580       0x16 src/ASF/sam/drivers/pdc/pdc.o
                0x00403580                pdc_rx_init
 .text.pdc_enable_transfer
                0x00403596        0xc src/ASF/sam/drivers/pdc/pdc.o
                0x00403596                pdc_enable_transfer
 .text.pdc_read_rx_counter
                0x004035a2        0x4 src/ASF/sam/drivers/pdc/pdc.o
                0x004035a2                pdc_read_rx_counter
 .text.rstc_get_reset_cause
                0x004035a6        0x8 src/ASF/sam/drivers/rstc/rstc.o
                0x004035a6                rstc_get_reset_cause
 .text.rtc_set_hour_mode
                0x004035ae       0x12 src/ASF/sam/drivers/rtc/rtc.o
                0x004035ae                rtc_set_hour_mode
 .text.rtc_enable_interrupt
                0x004035c0        0x4 src/ASF/sam/drivers/rtc/rtc.o
                0x004035c0                rtc_enable_interrupt
 .text.rtc_disable_interrupt
                0x004035c4        0x4 src/ASF/sam/drivers/rtc/rtc.o
                0x004035c4                rtc_disable_interrupt
 .text.rtc_get_time
                0x004035c8       0x48 src/ASF/sam/drivers/rtc/rtc.o
                0x004035c8                rtc_get_time
 .text.rtc_set_time
                0x00403610       0x70 src/ASF/sam/drivers/rtc/rtc.o
                0x00403610                rtc_set_time
 .text.rtc_get_date
                0x00403680       0x5e src/ASF/sam/drivers/rtc/rtc.o
                0x00403680                rtc_get_date
 .text.rtc_set_date
                0x004036de       0x86 src/ASF/sam/drivers/rtc/rtc.o
                0x004036de                rtc_set_date
 .text.rtc_get_status
                0x00403764        0x4 src/ASF/sam/drivers/rtc/rtc.o
                0x00403764                rtc_get_status
 .text.rtc_clear_status
                0x00403768        0x4 src/ASF/sam/drivers/rtc/rtc.o
                0x00403768                rtc_clear_status
 .text.twi_set_speed
                0x0040376c       0x94 src/ASF/sam/drivers/twi/twi.o
                0x0040376c                twi_set_speed
 .text.twi_master_init
                0x00403800       0x40 src/ASF/sam/drivers/twi/twi.o
                0x00403800                twi_master_init
 .text.twi_mk_addr
                0x00403840       0x20 src/ASF/sam/drivers/twi/twi.o
                0x00403840                twi_mk_addr
 .text.twi_master_read
                0x00403860       0xb0 src/ASF/sam/drivers/twi/twi.o
                0x00403860                twi_master_read
 .text.twi_master_write
                0x00403910       0x98 src/ASF/sam/drivers/twi/twi.o
                0x00403910                twi_master_write
 .text.twi_probe
                0x004039a8       0x2c src/ASF/sam/drivers/twi/twi.o
                0x004039a8                twi_probe
 .text.usart_write
                0x004039d4       0x12 src/ASF/sam/drivers/usart/usart.o
                0x004039d4                usart_write
 *fill*         0x004039e6        0x2 
 .text.wdt_get_timeout_value
                0x004039e8       0x28 src/ASF/sam/drivers/wdt/wdt.o
                0x004039e8                wdt_get_timeout_value
 .text.wdt_init
                0x00403a10       0x18 src/ASF/sam/drivers/wdt/wdt.o
                0x00403a10                wdt_init
 .text.wdt_restart
                0x00403a28       0x14 src/ASF/sam/drivers/wdt/wdt.o
                0x00403a28                wdt_restart
 .text.flash_init
                0x00403a3c       0x18 src/ASF/sam/services/flash_efc/flash_efc.o
                0x00403a3c                flash_init
 .text.flash_erase_sector
                0x00403a54       0x24 src/ASF/sam/services/flash_efc/flash_efc.o
                0x00403a54                flash_erase_sector
 .text.flash_write
                0x00403a78       0xac src/ASF/sam/services/flash_efc/flash_efc.o
                0x00403a78                flash_write
 .text.flash_unlock
                0x00403b24       0x54 src/ASF/sam/services/flash_efc/flash_efc.o
                0x00403b24                flash_unlock
 .text._set_SDA
                0x00403b78       0x10 src/MASTER_I2C.o
                0x00403b78                _set_SDA
 .text._set_SCL
                0x00403b88       0x10 src/MASTER_I2C.o
                0x00403b88                _set_SCL
 .text.I2C_freeBus
                0x00403b98       0x18 src/MASTER_I2C.o
                0x00403b98                I2C_freeBus
 .text._clear_SDA
                0x00403bb0       0x14 src/MASTER_I2C.o
                0x00403bb0                _clear_SDA
 .text._clear_SCL
                0x00403bc4       0x14 src/MASTER_I2C.o
                0x00403bc4                _clear_SCL
 .text._read_SDA
                0x00403bd8       0x14 src/MASTER_I2C.o
                0x00403bd8                _read_SDA
 .text.I2C_sendStart
                0x00403bec       0x34 src/MASTER_I2C.o
                0x00403bec                I2C_sendStart
 .text.I2C_sendStop
                0x00403c20       0x40 src/MASTER_I2C.o
                0x00403c20                I2C_sendStop
 .text.I2C_sendAck
                0x00403c60       0x40 src/MASTER_I2C.o
                0x00403c60                I2C_sendAck
 .text.I2C_sendNak
                0x00403ca0       0x3c src/MASTER_I2C.o
                0x00403ca0                I2C_sendNak
 .text.I2C_checkAck
                0x00403cdc       0x78 src/MASTER_I2C.o
                0x00403cdc                I2C_checkAck
 .text.I2C_sendData
                0x00403d54       0x60 src/MASTER_I2C.o
                0x00403d54                I2C_sendData
 .text.WriteSlave
                0x00403db4       0x78 src/MASTER_I2C.o
                0x00403db4                WriteSlave
 .text.I2C_readData
                0x00403e2c       0x94 src/MASTER_I2C.o
                0x00403e2c                I2C_readData
 .text.ReadSlave
                0x00403ec0       0xdc src/MASTER_I2C.o
                0x00403ec0                ReadSlave
 .text.coeff_sbil
                0x00403f9c       0xcc src/motor_speed.o
                0x00403f9c                coeff_sbil
 .text.deFrostFunc
                0x00404068      0x2bc src/motor_speed.o
                0x00404068                deFrostFunc
 *fill*         0x00404324        0x4 
 .text.calcDepot
                0x00404328       0x54 src/motor_speed.o
                0x00404328                calcDepot
 .text.ctrl_comand_inputs
                0x0040437c      0x45c src/motor_speed.o
                0x0040437c                ctrl_comand_inputs
 .text.switchesToStandby
                0x004047d8      0x14c src/motor_speed.o
                0x004047d8                switchesToStandby
 .text.CalcPW   0x00404924       0x80 src/motor_speed.o
                0x00404924                CalcPW
 .text.GetMaxAirFlow
                0x004049a4       0x88 src/motor_speed.o
                0x004049a4                GetMaxAirFlow
 *fill*         0x00404a2c        0x4 
 .text.CalcQW_by_PW
                0x00404a30      0x110 src/motor_speed.o
                0x00404a30                CalcQW_by_PW
 .text.CalcQW   0x00404b40      0x118 src/motor_speed.o
                0x00404b40                CalcQW
 .text.isDamperLessUnit
                0x00404c58       0x24 src/motor_speed.o
                0x00404c58                isDamperLessUnit
 *fill*         0x00404c7c        0x4 
 .text.Func_Pressure_Const
                0x00404c80      0x64c src/motor_speed.o
                0x00404c80                Func_Pressure_Const
 *fill*         0x004052cc        0x4 
 .text.Func_Pressure_Const_R
                0x004052d0      0x210 src/motor_speed.o
                0x004052d0                Func_Pressure_Const_R
 .text.Func_Pressure_Const_F
                0x004054e0      0x210 src/motor_speed.o
                0x004054e0                Func_Pressure_Const_F
 .text.Func_AirFlow_Const
                0x004056f0      0x340 src/motor_speed.o
                0x004056f0                Func_AirFlow_Const
 .text.Func_SpeedFan_Const
                0x00405a30       0x48 src/motor_speed.o
                0x00405a30                Func_SpeedFan_Const
 .text.motor_speed
                0x00405a78      0x890 src/motor_speed.o
                0x00405a78                motor_speed
 .text.init_scheduler
                0x00406308       0x24 src/Scheduler.o
                0x00406308                init_scheduler
 .text.Scheduler_Timer_Callback
                0x0040632c       0x20 src/Scheduler.o
                0x0040632c                Scheduler_Timer_Callback
 .text.insert_function_scheduler
                0x0040634c       0x2c src/Scheduler.o
                0x0040634c                insert_function_scheduler
 .text.process_scheduler
                0x00406378       0x2c src/Scheduler.o
                0x00406378                process_scheduler
 .text.UART0_Handler
                0x004063a4       0x84 src/Serial1_Class.o
                0x004063a4                UART0_Handler
 .text.Serial_begin
                0x00406428       0x30 src/Serial1_Class.o
                0x00406428                Serial_begin
 .text.Serial_available
                0x00406458       0x70 src/Serial1_Class.o
                0x00406458                Serial_available
 .text.Serial_read
                0x004064c8       0x10 src/Serial1_Class.o
                0x004064c8                Serial_read
 .text.Serial_write
                0x004064d8       0x28 src/Serial1_Class.o
                0x004064d8                Serial_write
 .text.Serial_print1
                0x00406500       0x30 src/Serial1_Class.o
                0x00406500                Serial_print1
 .text.Serial_print
                0x00406530       0xec src/Serial1_Class.o
                0x00406530                Serial_print
 .text.Serial_println1
                0x0040661c       0x48 src/Serial1_Class.o
                0x0040661c                Serial_println1
 .text.Serial_println
                0x00406664      0x140 src/Serial1_Class.o
                0x00406664                Serial_println
 .text.UART2_Handler
                0x004067a4       0x84 src/Serial2_Class.o
                0x004067a4                UART2_Handler
 .text.Serial2_begin
                0x00406828       0x30 src/Serial2_Class.o
                0x00406828                Serial2_begin
 .text.Serial2_available
                0x00406858       0x70 src/Serial2_Class.o
                0x00406858                Serial2_available
 .text.Serial2_read
                0x004068c8       0x10 src/Serial2_Class.o
                0x004068c8                Serial2_read
 .text.Serial2_write
                0x004068d8       0x30 src/Serial2_Class.o
                0x004068d8                Serial2_write
 .text.calc_cksum_16
                0x00406908       0x1c src/Seriale_1.o
                0x00406908                calc_cksum_16
 .text.Write_Message_Ser1
                0x00406924       0x34 src/Seriale_1.o
                0x00406924                Write_Message_Ser1
 .text.Read_Message_Ser1
                0x00406958       0x8c src/Seriale_1.o
                0x00406958                Read_Message_Ser1
 .text.free_serial_2
                0x004069e4       0x20 src/Seriale_2.o
                0x004069e4                free_serial_2
 .text.Send_Message_Ser2
                0x00406a04       0x78 src/Seriale_2.o
                0x00406a04                Send_Message_Ser2
 .text.Read_Message_Ser2
                0x00406a7c       0x90 src/Seriale_2.o
                0x00406a7c                Read_Message_Ser2
 .text.Stampa_Prompt
                0x00406b0c       0x24 src/shell.o
                0x00406b0c                Stampa_Prompt
 .text.printPrompMenu6
                0x00406b30       0x24 src/shell.o
                0x00406b30                printPrompMenu6
 .text.wait_response_by_terminal
                0x00406b54       0x78 src/shell.o
                0x00406b54                wait_response_by_terminal
 .text.PrintFlashString
                0x00406bcc       0x40 src/shell.o
                0x00406bcc                PrintFlashString
 .text.Stampa_menu_config
                0x00406c0c       0xac src/shell.o
                0x00406c0c                Stampa_menu_config
 .text.WriteEepromDefault
                0x00406cb8       0xcc src/shell.o
                0x00406cb8                WriteEepromDefault
 .text.PrintSN  0x00406d84       0x50 src/shell.o
                0x00406d84                PrintSN
 .text.PrintPositionNTC
                0x00406dd4       0x58 src/shell.o
                0x00406dd4                PrintPositionNTC
 .text.read_cfg_data
                0x00406e2c      0x24c src/shell.o
                0x00406e2c                read_cfg_data
 .text.Set_SerialNumb
                0x00407078      0x160 src/shell.o
                0x00407078                Set_SerialNumb
 .text.Set_dataMotors
                0x004071d8      0x370 src/shell.o
                0x004071d8                Set_dataMotors
 .text.SettingNTC
                0x00407548      0x150 src/shell.o
                0x00407548                SettingNTC
 .text.readWeeklyProg
                0x00407698      0x134 src/shell.o
                0x00407698                readWeeklyProg
 .text.PrintMenuManTesting
                0x004077cc       0x6c src/shell.o
                0x004077cc                PrintMenuManTesting
 .text.manualTesting
                0x00407838       0xec src/shell.o
                0x00407838                manualTesting
 .text.CRC_16   0x00407924       0x36 src/shell.o
                0x00407924                CRC_16
 *fill*         0x0040795a        0x2 
 .text.writeConfigUnit
                0x0040795c      0x270 src/shell.o
                0x0040795c                writeConfigUnit
 .text.shell_config_menu
                0x00407bcc      0x228 src/shell.o
                0x00407bcc                shell_config_menu
 .text.print_result_test
                0x00407df4       0x68 src/Testing_HW.o
                0x00407df4                print_result_test
 .text.test_bypass
                0x00407e5c      0x274 src/Testing_HW.o
                0x00407e5c                test_bypass
 .text.test_IO  0x004080d0      0x268 src/Testing_HW.o
                0x004080d0                test_IO
 .text.testSleepMode
                0x00408338      0x1a0 src/Testing_HW.o
                0x00408338                testSleepMode
 .text.testMotors
                0x004084d8      0x3ec src/Testing_HW.o
                0x004084d8                testMotors
 .text.testUart1
                0x004088c4      0x238 src/Testing_HW.o
                0x004088c4                testUart1
 .text.print_bit_I2C
                0x00408afc       0xec src/Testing_HW.o
                0x00408afc                print_bit_I2C
 .text.testI2C  0x00408be8      0x22c src/Testing_HW.o
                0x00408be8                testI2C
 .text.IPEHD_test
                0x00408e14       0x74 src/Testing_HW.o
                0x00408e14                IPEHD_test
 .text.weekly_program
                0x00408e88      0x19c src/Weekly_Prog.o
                0x00408e88                weekly_program
 .text.usart_serial_write_packet
                0x00409024       0xc4 src/ASF/common/services/serial/usart_serial.o
                0x00409024                usart_serial_write_packet
 .text.sysclk_init
                0x004090e8       0x68 src/ASF/common/services/clock/sam4n/sysclk.o
                0x004090e8                sysclk_init
 .text.pmc_switch_mck_to_pllack
                0x00409150       0x44 src/ASF/sam/drivers/pmc/pmc.o
                0x00409150                pmc_switch_mck_to_pllack
 .text.pmc_switch_sclk_to_32kxtal
                0x00409194       0x20 src/ASF/sam/drivers/pmc/pmc.o
                0x00409194                pmc_switch_sclk_to_32kxtal
 .text.pmc_osc_is_ready_32kxtal
                0x004091b4       0x1c src/ASF/sam/drivers/pmc/pmc.o
                0x004091b4                pmc_osc_is_ready_32kxtal
 .text.pmc_switch_mainck_to_xtal
                0x004091d0       0x48 src/ASF/sam/drivers/pmc/pmc.o
                0x004091d0                pmc_switch_mainck_to_xtal
 .text.pmc_osc_is_ready_mainck
                0x00409218       0x10 src/ASF/sam/drivers/pmc/pmc.o
                0x00409218                pmc_osc_is_ready_mainck
 .text.pmc_disable_pllack
                0x00409228       0x10 src/ASF/sam/drivers/pmc/pmc.o
                0x00409228                pmc_disable_pllack
 .text.pmc_is_locked_pllack
                0x00409238       0x10 src/ASF/sam/drivers/pmc/pmc.o
                0x00409238                pmc_is_locked_pllack
 .text.pmc_enable_periph_clk
                0x00409248       0x24 src/ASF/sam/drivers/pmc/pmc.o
                0x00409248                pmc_enable_periph_clk
 .text.tc_init  0x0040926c       0x16 src/ASF/sam/drivers/tc/tc.o
                0x0040926c                tc_init
 .text.tc_start
                0x00409282        0x8 src/ASF/sam/drivers/tc/tc.o
                0x00409282                tc_start
 .text.tc_stop  0x0040928a        0x8 src/ASF/sam/drivers/tc/tc.o
                0x0040928a                tc_stop
 .text.tc_write_rc
                0x00409292        0x8 src/ASF/sam/drivers/tc/tc.o
                0x00409292                tc_write_rc
 .text.tc_enable_interrupt
                0x0040929a        0x8 src/ASF/sam/drivers/tc/tc.o
                0x0040929a                tc_enable_interrupt
 .text.tc_disable_interrupt
                0x004092a2        0x8 src/ASF/sam/drivers/tc/tc.o
                0x004092a2                tc_disable_interrupt
 .text.tc_get_status
                0x004092aa        0x8 src/ASF/sam/drivers/tc/tc.o
                0x004092aa                tc_get_status
 .text.uart_init
                0x004092b2       0x34 src/ASF/sam/drivers/uart/uart.o
                0x004092b2                uart_init
 .text.uart_get_status
                0x004092e6        0x4 src/ASF/sam/drivers/uart/uart.o
                0x004092e6                uart_get_status
 .text.uart_reset_status
                0x004092ea        0x8 src/ASF/sam/drivers/uart/uart.o
                0x004092ea                uart_reset_status
 .text.uart_is_tx_empty
                0x004092f2        0x8 src/ASF/sam/drivers/uart/uart.o
                0x004092f2                uart_is_tx_empty
 .text.uart_write
                0x004092fa        0xe src/ASF/sam/drivers/uart/uart.o
                0x004092fa                uart_write
 .text.uart_get_pdc_base
                0x00409308       0x2c src/ASF/sam/drivers/uart/uart.o
                0x00409308                uart_get_pdc_base
 .text.ioport_set_pin_mode.constprop.0
                0x00409334       0x32 src/ASF/common/boards/user_board/init.o
 *fill*         0x00409366        0x2 
 .text.ioport_set_port_mode.constprop.1
                0x00409368       0x24 src/ASF/common/boards/user_board/init.o
 .text.board_init
                0x0040938c      0x1f4 src/ASF/common/boards/user_board/init.o
                0x0040938c                board_init
 .text.Dummy_Handler
                0x00409580        0x2 src/ASF/sam/utils/cmsis/sam4n/source/templates/exceptions.o
                0x00409580                DACC_Handler
                0x00409580                DebugMon_Handler
                0x00409580                UART3_Handler
                0x00409580                HardFault_Handler
                0x00409580                TC2_Handler
                0x00409580                SPI_Handler
                0x00409580                TWI1_Handler
                0x00409580                PendSV_Handler
                0x00409580                NMI_Handler
                0x00409580                USART0_Handler
                0x00409580                RTT_Handler
                0x00409580                PIOB_Handler
                0x00409580                UsageFault_Handler
                0x00409580                TC1_Handler
                0x00409580                UART1_Handler
                0x00409580                Dummy_Handler
                0x00409580                TWI0_Handler
                0x00409580                TWI2_Handler
                0x00409580                USART1_Handler
                0x00409580                PIOA_Handler
                0x00409580                PMC_Handler
                0x00409580                PWM_Handler
                0x00409580                MemManage_Handler
                0x00409580                SUPC_Handler
                0x00409580                SVC_Handler
                0x00409580                EFC_Handler
                0x00409580                BusFault_Handler
                0x00409580                RSTC_Handler
 *fill*         0x00409582        0x2 
 .text.Reset_Handler
                0x00409584       0x64 src/ASF/sam/utils/cmsis/sam4n/source/templates/gcc/startup_sam4n.o
                0x00409584                Reset_Handler
 .text.SystemCoreClockUpdate
                0x004095e8       0xc8 src/ASF/sam/utils/cmsis/sam4n/source/templates/system_sam4n.o
                0x004095e8                SystemCoreClockUpdate
 .text.system_init_flash
                0x004096b0       0x54 src/ASF/sam/utils/cmsis/sam4n/source/templates/system_sam4n.o
                0x004096b0                system_init_flash
 .text._sbrk    0x00409704       0x2c src/ASF/sam/utils/syscalls/gcc/syscalls.o
                0x00409704                _sbrk
 .text.managementBypass
                0x00409730      0x2bc src/Clima_Func.o
                0x00409730                managementBypass
 .text.TemperatureRegulate
                0x004099ec      0x61c src/Clima_Func.o
                0x004099ec                TemperatureRegulate
 .text.CkUpdate_EepromToShadow
                0x0040a008       0x4c src/eeprom_func.o
                0x0040a008                CkUpdate_EepromToShadow
 .text.write_byte_eeprom
                0x0040a054       0x18 src/eeprom_func.o
                0x0040a054                write_byte_eeprom
 .text.write_word_eeprom
                0x0040a06c       0x20 src/eeprom_func.o
                0x0040a06c                write_word_eeprom
 .text.write_Dword_eeprom
                0x0040a08c       0x30 src/eeprom_func.o
                0x0040a08c                write_Dword_eeprom
 .text.read_byte_eeprom
                0x0040a0bc        0xc src/eeprom_func.o
                0x0040a0bc                read_byte_eeprom
 .text.read_word_eeprom
                0x0040a0c8       0x18 src/eeprom_func.o
                0x0040a0c8                read_word_eeprom
 .text.read_Dword_eeprom
                0x0040a0e0       0x28 src/eeprom_func.o
                0x0040a0e0                read_Dword_eeprom
 .text.upgrade_type_func
                0x0040a108       0x20 src/eeprom_func.o
                0x0040a108                upgrade_type_func
 .text.check_control_speed_func
                0x0040a128      0x104 src/eeprom_func.o
                0x0040a128                check_control_speed_func
 .text.check_control_speed_func1
                0x0040a22c       0xa0 src/eeprom_func.o
                0x0040a22c                check_control_speed_func1
 .text.ctrl_eeprom
                0x0040a2cc      0x2dc src/eeprom_func.o
                0x0040a2cc                ctrl_eeprom
 .text.ctrl_validity_values
                0x0040a5a8      0x1c8 src/eeprom_func.o
                0x0040a5a8                ctrl_validity_values
 .text.ctrl_lim_histTemp
                0x0040a770      0x168 src/eeprom_func.o
                0x0040a770                ctrl_lim_histTemp
 .text.update_data_eeprom
                0x0040a8d8       0xf8 src/eeprom_func.o
                0x0040a8d8                update_data_eeprom
 .text.check_clogged_filter
                0x0040a9d0      0x124 src/Filter_Func.o
                0x0040a9d0                check_clogged_filter
 .text.verifica_clogged_filter
                0x0040aaf4      0x2ac src/Filter_Func.o
                0x0040aaf4                verifica_clogged_filter
 .text.calibrazione_clogged_filter
                0x0040ada0      0x180 src/Filter_Func.o
                0x0040ada0                calibrazione_clogged_filter
 .text.operatingHoursCounter
                0x0040af20      0x100 src/Filter_Func.o
                0x0040af20                operatingHoursCounter
 .text.BuzzerFunc
                0x0040b020       0x48 src/HW_func.o
                0x0040b020                BuzzerFunc
 .text.startMotorBPD
                0x0040b068       0x5c src/HW_func.o
                0x0040b068                startMotorBPD
 .text.PowerMode
                0x0040b0c4       0x24 src/HW_func.o
                0x0040b0c4                PowerMode
 .text.TC0_Handler
                0x0040b0e8       0xf8 src/HW_func.o
                0x0040b0e8                TC0_Handler
 .text.ActiveBuzzer
                0x0040b1e0       0x50 src/HW_func.o
                0x0040b1e0                ActiveBuzzer
 .text.Active_Procedure_Bypass_OpCl
                0x0040b230      0x110 src/HW_func.o
                0x0040b230                Active_Procedure_Bypass_OpCl
 .text.Ctrl_FunzionamentoBPD
                0x0040b340       0xfc src/HW_func.o
                0x0040b340                Ctrl_FunzionamentoBPD
 .text.Test_Connect_KTS
                0x0040b43c       0xb8 src/HW_func.o
                0x0040b43c                Test_Connect_KTS
 .text.Gestione_Relays
                0x0040b4f4      0x1f4 src/HW_func.o
                0x0040b4f4                Gestione_Relays
 .text.Check_SerialNumber
                0x0040b6e8       0xb8 src/HW_func.o
                0x0040b6e8                Check_SerialNumber
 .text.__NVIC_SystemReset
                0x0040b7a0       0x24 src/main.o
 .text.calc_size_unit
                0x0040b7c4       0x3c src/main.o
                0x0040b7c4                calc_size_unit
 .text.SysTick_Handler
                0x0040b800       0xc8 src/main.o
                0x0040b800                SysTick_Handler
 .text.millis   0x0040b8c8        0xc src/main.o
                0x0040b8c8                millis
 .text.constrain
                0x0040b8d4       0x10 src/main.o
                0x0040b8d4                constrain
 .text.eep_read_byte
                0x0040b8e4       0x34 src/main.o
                0x0040b8e4                eep_read_byte
 .text.eep_write_byte
                0x0040b918       0x38 src/main.o
                0x0040b918                eep_write_byte
 .text.init_sdata
                0x0040b950      0x1c0 src/main.o
                0x0040b950                init_sdata
 .text.Setup    0x0040bb10      0x148 src/main.o
                0x0040bb10                Setup
 .text.ADC121C027_IC7_Initialize
                0x0040bc58       0x3c src/main.o
                0x0040bc58                ADC121C027_IC7_Initialize
 .text.ADC121C027_IC7_Read
                0x0040bc94       0x44 src/main.o
                0x0040bc94                ADC121C027_IC7_Read
 .text.analogRead
                0x0040bcd8       0xb8 src/main.o
                0x0040bcd8                analogRead
 .text.ADS7142_IC9_Start_Conversion
                0x0040bd90       0x50 src/main.o
                0x0040bd90                ADS7142_IC9_Start_Conversion
 .text.ADS7142_IC9_Initialize
                0x0040bde0       0xd4 src/main.o
                0x0040bde0                ADS7142_IC9_Initialize
 *fill*         0x0040beb4        0x4 
 .text.ADS7142_IC9_Read
                0x0040beb8       0xd0 src/main.o
                0x0040beb8                ADS7142_IC9_Read
 .text.WDT_Handler
                0x0040bf88        0x2 src/main.o
                0x0040bf88                WDT_Handler
 *fill*         0x0040bf8a        0x2 
 .text.Check_Reset_Cause
                0x0040bf8c      0x1a4 src/main.o
                0x0040bf8c                Check_Reset_Cause
 .text.RTC_Handler
                0x0040c130       0x40 src/main.o
                0x0040c130                RTC_Handler
 .text.WriteEepromDefault_KTS
                0x0040c170       0xc0 src/main.o
                0x0040c170                WriteEepromDefault_KTS
 .text.startup.main
                0x0040c230      0x2f4 src/main.o
                0x0040c230                main
 .text.log      0x0040c524       0xf8 c:/program files (x86)/atmel/studio/7.0/toolchain/arm/arm-gnu-toolchain/bin/../lib/gcc/arm-none-eabi/6.3.1/../../../../arm-none-eabi/lib/thumb/v7e-m\libm.a(lib_a-w_log.o)
                0x0040c524                log
 .text.sqrt     0x0040c61c       0xbc c:/program files (x86)/atmel/studio/7.0/toolchain/arm/arm-gnu-toolchain/bin/../lib/gcc/arm-none-eabi/6.3.1/../../../../arm-none-eabi/lib/thumb/v7e-m\libm.a(lib_a-w_sqrt.o)
                0x0040c61c                sqrt
 .text.__ieee754_log
                0x0040c6d8      0x3e8 c:/program files (x86)/atmel/studio/7.0/toolchain/arm/arm-gnu-toolchain/bin/../lib/gcc/arm-none-eabi/6.3.1/../../../../arm-none-eabi/lib/thumb/v7e-m\libm.a(lib_a-e_log.o)
                0x0040c6d8                __ieee754_log
 .text.__ieee754_sqrt
                0x0040cac0      0x178 c:/program files (x86)/atmel/studio/7.0/toolchain/arm/arm-gnu-toolchain/bin/../lib/gcc/arm-none-eabi/6.3.1/../../../../arm-none-eabi/lib/thumb/v7e-m\libm.a(lib_a-e_sqrt.o)
                0x0040cac0                __ieee754_sqrt
 .text.matherr  0x0040cc38        0x4 c:/program files (x86)/atmel/studio/7.0/toolchain/arm/arm-gnu-toolchain/bin/../lib/gcc/arm-none-eabi/6.3.1/../../../../arm-none-eabi/lib/thumb/v7e-m\libm.a(lib_a-s_matherr.o)
                0x0040cc38                matherr
 .text.nan      0x0040cc3c        0xc c:/program files (x86)/atmel/studio/7.0/toolchain/arm/arm-gnu-toolchain/bin/../lib/gcc/arm-none-eabi/6.3.1/../../../../arm-none-eabi/lib/thumb/v7e-m\libm.a(lib_a-s_nan.o)
                0x0040cc3c                nan
 .text          0x0040cc48      0x370 c:/program files (x86)/atmel/studio/7.0/toolchain/arm/arm-gnu-toolchain/bin/../lib/gcc/arm-none-eabi/6.3.1/thumb/v7e-m\libgcc.a(_arm_addsubdf3.o)
                0x0040cc48                __aeabi_drsub
                0x0040cc50                __aeabi_dsub
                0x0040cc50                __subdf3
                0x0040cc54                __aeabi_dadd
                0x0040cc54                __adddf3
                0x0040cecc                __floatunsidf
                0x0040cecc                __aeabi_ui2d
                0x0040ceec                __floatsidf
                0x0040ceec                __aeabi_i2d
                0x0040cf10                __aeabi_f2d
                0x0040cf10                __extendsfdf2
                0x0040cf4c                __floatundidf
                0x0040cf4c                __aeabi_ul2d
                0x0040cf5c                __floatdidf
                0x0040cf5c                __aeabi_l2d
 .text          0x0040cfb8      0x424 c:/program files (x86)/atmel/studio/7.0/toolchain/arm/arm-gnu-toolchain/bin/../lib/gcc/arm-none-eabi/6.3.1/thumb/v7e-m\libgcc.a(_arm_muldivdf3.o)
                0x0040cfb8                __aeabi_dmul
                0x0040cfb8                __muldf3
                0x0040d20c                __divdf3
                0x0040d20c                __aeabi_ddiv
 .text          0x0040d3dc      0x110 c:/program files (x86)/atmel/studio/7.0/toolchain/arm/arm-gnu-toolchain/bin/../lib/gcc/arm-none-eabi/6.3.1/thumb/v7e-m\libgcc.a(_arm_cmpdf2.o)
                0x0040d3dc                __gtdf2
                0x0040d3dc                __gedf2
                0x0040d3e4                __ltdf2
                0x0040d3e4                __ledf2
                0x0040d3ec                __nedf2
                0x0040d3ec                __eqdf2
                0x0040d3ec                __cmpdf2
                0x0040d468                __aeabi_cdrcmple
                0x0040d478                __aeabi_cdcmpeq
                0x0040d478                __aeabi_cdcmple
                0x0040d488                __aeabi_dcmpeq
                0x0040d49c                __aeabi_dcmplt
                0x0040d4b0                __aeabi_dcmple
                0x0040d4c4                __aeabi_dcmpge
                0x0040d4d8                __aeabi_dcmpgt
 .text          0x0040d4ec       0x2c c:/program files (x86)/atmel/studio/7.0/toolchain/arm/arm-gnu-toolchain/bin/../lib/gcc/arm-none-eabi/6.3.1/thumb/v7e-m\libgcc.a(_arm_unorddf2.o)
                0x0040d4ec                __unorddf2
                0x0040d4ec                __aeabi_dcmpun
 .text          0x0040d518       0x50 c:/program files (x86)/atmel/studio/7.0/toolchain/arm/arm-gnu-toolchain/bin/../lib/gcc/arm-none-eabi/6.3.1/thumb/v7e-m\libgcc.a(_arm_fixdfsi.o)
                0x0040d518                __aeabi_d2iz
                0x0040d518                __fixdfsi
 .text          0x0040d568       0x40 c:/program files (x86)/atmel/studio/7.0/toolchain/arm/arm-gnu-toolchain/bin/../lib/gcc/arm-none-eabi/6.3.1/thumb/v7e-m\libgcc.a(_arm_fixunsdfsi.o)
                0x0040d568                __aeabi_d2uiz
                0x0040d568                __fixunsdfsi
 .text          0x0040d5a8       0xa0 c:/program files (x86)/atmel/studio/7.0/toolchain/arm/arm-gnu-toolchain/bin/../lib/gcc/arm-none-eabi/6.3.1/thumb/v7e-m\libgcc.a(_arm_truncdfsf2.o)
                0x0040d5a8                __truncdfsf2
                0x0040d5a8                __aeabi_d2f
 .text          0x0040d648      0x21c c:/program files (x86)/atmel/studio/7.0/toolchain/arm/arm-gnu-toolchain/bin/../lib/gcc/arm-none-eabi/6.3.1/thumb/v7e-m\libgcc.a(_arm_addsubsf3.o)
                0x0040d648                __aeabi_frsub
                0x0040d650                __subsf3
                0x0040d650                __aeabi_fsub
                0x0040d654                __aeabi_fadd
                0x0040d654                __addsf3
                0x0040d7b4                __aeabi_ui2f
                0x0040d7b4                __floatunsisf
                0x0040d7bc                __aeabi_i2f
                0x0040d7bc                __floatsisf
                0x0040d7d8                __aeabi_ul2f
                0x0040d7d8                __floatundisf
                0x0040d7e8                __aeabi_l2f
                0x0040d7e8                __floatdisf
 .text          0x0040d864      0x2a0 c:/program files (x86)/atmel/studio/7.0/toolchain/arm/arm-gnu-toolchain/bin/../lib/gcc/arm-none-eabi/6.3.1/thumb/v7e-m\libgcc.a(_arm_muldivsf3.o)
                0x0040d864                __mulsf3
                0x0040d864                __aeabi_fmul
                0x0040d9cc                __aeabi_fdiv
                0x0040d9cc                __divsf3
 .text          0x0040db04       0xec c:/program files (x86)/atmel/studio/7.0/toolchain/arm/arm-gnu-toolchain/bin/../lib/gcc/arm-none-eabi/6.3.1/thumb/v7e-m\libgcc.a(_arm_cmpsf2.o)
                0x0040db04                __gesf2
                0x0040db04                __gtsf2
                0x0040db0c                __lesf2
                0x0040db0c                __ltsf2
                0x0040db14                __nesf2
                0x0040db14                __eqsf2
                0x0040db14                __cmpsf2
                0x0040db74                __aeabi_cfrcmple
                0x0040db7c                __aeabi_cfcmpeq
                0x0040db7c                __aeabi_cfcmple
                0x0040db8c                __aeabi_fcmpeq
                0x0040dba0                __aeabi_fcmplt
                0x0040dbb4                __aeabi_fcmple
                0x0040dbc8                __aeabi_fcmpge
                0x0040dbdc                __aeabi_fcmpgt
 .text          0x0040dbf0       0x4c c:/program files (x86)/atmel/studio/7.0/toolchain/arm/arm-gnu-toolchain/bin/../lib/gcc/arm-none-eabi/6.3.1/thumb/v7e-m\libgcc.a(_arm_fixsfsi.o)
                0x0040dbf0                __aeabi_f2iz
                0x0040dbf0                __fixsfsi
 .text          0x0040dc3c       0x40 c:/program files (x86)/atmel/studio/7.0/toolchain/arm/arm-gnu-toolchain/bin/../lib/gcc/arm-none-eabi/6.3.1/thumb/v7e-m\libgcc.a(_arm_fixunssfsi.o)
                0x0040dc3c                __fixunssfsi
                0x0040dc3c                __aeabi_f2uiz
 .text.__errno  0x0040dc7c        0xc c:/program files (x86)/atmel/studio/7.0/toolchain/arm/arm-gnu-toolchain/bin/../lib/gcc/arm-none-eabi/6.3.1/../../../../arm-none-eabi/lib/thumb/v7e-m\libc.a(lib_a-errno.o)
                0x0040dc7c                __errno
 .text.__libc_init_array
                0x0040dc88       0x50 c:/program files (x86)/atmel/studio/7.0/toolchain/arm/arm-gnu-toolchain/bin/../lib/gcc/arm-none-eabi/6.3.1/../../../../arm-none-eabi/lib/thumb/v7e-m\libc.a(lib_a-init.o)
                0x0040dc88                __libc_init_array
 .text          0x0040dcd8      0x134 c:/program files (x86)/atmel/studio/7.0/toolchain/arm/arm-gnu-toolchain/bin/../lib/gcc/arm-none-eabi/6.3.1/../../../../arm-none-eabi/lib/thumb/v7e-m\libc.a(lib_a-memcpy.o)
                0x0040dcd8                memcpy
 .text.memset   0x0040de0c       0x9c c:/program files (x86)/atmel/studio/7.0/toolchain/arm/arm-gnu-toolchain/bin/../lib/gcc/arm-none-eabi/6.3.1/../../../../arm-none-eabi/lib/thumb/v7e-m\libc.a(lib_a-memset.o)
                0x0040de0c                memset
 .text.sprintf  0x0040dea8       0x4c c:/program files (x86)/atmel/studio/7.0/toolchain/arm/arm-gnu-toolchain/bin/../lib/gcc/arm-none-eabi/6.3.1/../../../../arm-none-eabi/lib/thumb/v7e-m\libc.a(lib_a-sprintf.o)
                0x0040dea8                sprintf
 *fill*         0x0040def4        0xc 
 .text          0x0040df00       0xdc c:/program files (x86)/atmel/studio/7.0/toolchain/arm/arm-gnu-toolchain/bin/../lib/gcc/arm-none-eabi/6.3.1/../../../../arm-none-eabi/lib/thumb/v7e-m\libc.a(lib_a-strlen.o)
                0x0040df00                strlen
 .text._svfprintf_r
                0x0040dfdc     0x145c c:/program files (x86)/atmel/studio/7.0/toolchain/arm/arm-gnu-toolchain/bin/../lib/gcc/arm-none-eabi/6.3.1/../../../../arm-none-eabi/lib/thumb/v7e-m\libc.a(lib_a-svfprintf.o)
                0x0040dfdc                _svfprintf_r
 .text.startup.register_fini
                0x0040f438       0x14 c:/program files (x86)/atmel/studio/7.0/toolchain/arm/arm-gnu-toolchain/bin/../lib/gcc/arm-none-eabi/6.3.1/../../../../arm-none-eabi/lib/thumb/v7e-m\libc.a(lib_a-__call_atexit.o)
 .text.atexit   0x0040f44c        0xc c:/program files (x86)/atmel/studio/7.0/toolchain/arm/arm-gnu-toolchain/bin/../lib/gcc/arm-none-eabi/6.3.1/../../../../arm-none-eabi/lib/thumb/v7e-m\libc.a(lib_a-atexit.o)
                0x0040f44c                atexit
 .text.quorem   0x0040f458      0x128 c:/program files (x86)/atmel/studio/7.0/toolchain/arm/arm-gnu-toolchain/bin/../lib/gcc/arm-none-eabi/6.3.1/../../../../arm-none-eabi/lib/thumb/v7e-m\libc.a(lib_a-dtoa.o)
 .text._dtoa_r  0x0040f580      0xe54 c:/program files (x86)/atmel/studio/7.0/toolchain/arm/arm-gnu-toolchain/bin/../lib/gcc/arm-none-eabi/6.3.1/../../../../arm-none-eabi/lib/thumb/v7e-m\libc.a(lib_a-dtoa.o)
                0x0040f580                _dtoa_r
 .text.__libc_fini_array
                0x004103d4       0x34 c:/program files (x86)/atmel/studio/7.0/toolchain/arm/arm-gnu-toolchain/bin/../lib/gcc/arm-none-eabi/6.3.1/../../../../arm-none-eabi/lib/thumb/v7e-m\libc.a(lib_a-fini.o)
                0x004103d4                __libc_fini_array
 .text._localeconv_r
                0x00410408       0x1c c:/program files (x86)/atmel/studio/7.0/toolchain/arm/arm-gnu-toolchain/bin/../lib/gcc/arm-none-eabi/6.3.1/../../../../arm-none-eabi/lib/thumb/v7e-m\libc.a(lib_a-localeconv.o)
                0x00410408                _localeconv_r
 .text.__retarget_lock_acquire_recursive
                0x00410424        0x4 c:/program files (x86)/atmel/studio/7.0/toolchain/arm/arm-gnu-toolchain/bin/../lib/gcc/arm-none-eabi/6.3.1/../../../../arm-none-eabi/lib/thumb/v7e-m\libc.a(lib_a-lock.o)
                0x00410424                __retarget_lock_acquire_recursive
 .text.__retarget_lock_release_recursive
                0x00410428        0x4 c:/program files (x86)/atmel/studio/7.0/toolchain/arm/arm-gnu-toolchain/bin/../lib/gcc/arm-none-eabi/6.3.1/../../../../arm-none-eabi/lib/thumb/v7e-m\libc.a(lib_a-lock.o)
                0x00410428                __retarget_lock_release_recursive
 .text._malloc_r
                0x0041042c      0x560 c:/program files (x86)/atmel/studio/7.0/toolchain/arm/arm-gnu-toolchain/bin/../lib/gcc/arm-none-eabi/6.3.1/../../../../arm-none-eabi/lib/thumb/v7e-m\libc.a(lib_a-mallocr.o)
                0x0041042c                _malloc_r
 *fill*         0x0041098c        0x4 
 .text          0x00410990       0xa0 c:/program files (x86)/atmel/studio/7.0/toolchain/arm/arm-gnu-toolchain/bin/../lib/gcc/arm-none-eabi/6.3.1/../../../../arm-none-eabi/lib/thumb/v7e-m\libc.a(lib_a-memchr.o)
                0x00410990                memchr
 .text.__malloc_lock
                0x00410a30        0xc c:/program files (x86)/atmel/studio/7.0/toolchain/arm/arm-gnu-toolchain/bin/../lib/gcc/arm-none-eabi/6.3.1/../../../../arm-none-eabi/lib/thumb/v7e-m\libc.a(lib_a-mlock.o)
                0x00410a30                __malloc_lock
 .text.__malloc_unlock
                0x00410a3c        0xc c:/program files (x86)/atmel/studio/7.0/toolchain/arm/arm-gnu-toolchain/bin/../lib/gcc/arm-none-eabi/6.3.1/../../../../arm-none-eabi/lib/thumb/v7e-m\libc.a(lib_a-mlock.o)
                0x00410a3c                __malloc_unlock
 .text._Balloc  0x00410a48       0x4c c:/program files (x86)/atmel/studio/7.0/toolchain/arm/arm-gnu-toolchain/bin/../lib/gcc/arm-none-eabi/6.3.1/../../../../arm-none-eabi/lib/thumb/v7e-m\libc.a(lib_a-mprec.o)
                0x00410a48                _Balloc
 .text._Bfree   0x00410a94       0x14 c:/program files (x86)/atmel/studio/7.0/toolchain/arm/arm-gnu-toolchain/bin/../lib/gcc/arm-none-eabi/6.3.1/../../../../arm-none-eabi/lib/thumb/v7e-m\libc.a(lib_a-mprec.o)
                0x00410a94                _Bfree
 .text.__multadd
                0x00410aa8       0x80 c:/program files (x86)/atmel/studio/7.0/toolchain/arm/arm-gnu-toolchain/bin/../lib/gcc/arm-none-eabi/6.3.1/../../../../arm-none-eabi/lib/thumb/v7e-m\libc.a(lib_a-mprec.o)
                0x00410aa8                __multadd
 .text.__hi0bits
                0x00410b28       0x40 c:/program files (x86)/atmel/studio/7.0/toolchain/arm/arm-gnu-toolchain/bin/../lib/gcc/arm-none-eabi/6.3.1/../../../../arm-none-eabi/lib/thumb/v7e-m\libc.a(lib_a-mprec.o)
                0x00410b28                __hi0bits
 .text.__lo0bits
                0x00410b68       0x60 c:/program files (x86)/atmel/studio/7.0/toolchain/arm/arm-gnu-toolchain/bin/../lib/gcc/arm-none-eabi/6.3.1/../../../../arm-none-eabi/lib/thumb/v7e-m\libc.a(lib_a-mprec.o)
                0x00410b68                __lo0bits
 .text.__i2b    0x00410bc8       0x14 c:/program files (x86)/atmel/studio/7.0/toolchain/arm/arm-gnu-toolchain/bin/../lib/gcc/arm-none-eabi/6.3.1/../../../../arm-none-eabi/lib/thumb/v7e-m\libc.a(lib_a-mprec.o)
                0x00410bc8                __i2b
 .text.__multiply
                0x00410bdc      0x124 c:/program files (x86)/atmel/studio/7.0/toolchain/arm/arm-gnu-toolchain/bin/../lib/gcc/arm-none-eabi/6.3.1/../../../../arm-none-eabi/lib/thumb/v7e-m\libc.a(lib_a-mprec.o)
                0x00410bdc                __multiply
 .text.__pow5mult
                0x00410d00       0xa0 c:/program files (x86)/atmel/studio/7.0/toolchain/arm/arm-gnu-toolchain/bin/../lib/gcc/arm-none-eabi/6.3.1/../../../../arm-none-eabi/lib/thumb/v7e-m\libc.a(lib_a-mprec.o)
                0x00410d00                __pow5mult
 .text.__lshift
                0x00410da0       0xa4 c:/program files (x86)/atmel/studio/7.0/toolchain/arm/arm-gnu-toolchain/bin/../lib/gcc/arm-none-eabi/6.3.1/../../../../arm-none-eabi/lib/thumb/v7e-m\libc.a(lib_a-mprec.o)
                0x00410da0                __lshift
 .text.__mcmp   0x00410e44       0x38 c:/program files (x86)/atmel/studio/7.0/toolchain/arm/arm-gnu-toolchain/bin/../lib/gcc/arm-none-eabi/6.3.1/../../../../arm-none-eabi/lib/thumb/v7e-m\libc.a(lib_a-mprec.o)
                0x00410e44                __mcmp
 .text.__mdiff  0x00410e7c      0x108 c:/program files (x86)/atmel/studio/7.0/toolchain/arm/arm-gnu-toolchain/bin/../lib/gcc/arm-none-eabi/6.3.1/../../../../arm-none-eabi/lib/thumb/v7e-m\libc.a(lib_a-mprec.o)
                0x00410e7c                __mdiff
 .text.__d2b    0x00410f84       0xb8 c:/program files (x86)/atmel/studio/7.0/toolchain/arm/arm-gnu-toolchain/bin/../lib/gcc/arm-none-eabi/6.3.1/../../../../arm-none-eabi/lib/thumb/v7e-m\libc.a(lib_a-mprec.o)
                0x00410f84                __d2b
 .text._sbrk_r  0x0041103c       0x24 c:/program files (x86)/atmel/studio/7.0/toolchain/arm/arm-gnu-toolchain/bin/../lib/gcc/arm-none-eabi/6.3.1/../../../../arm-none-eabi/lib/thumb/v7e-m\libc.a(lib_a-sbrkr.o)
                0x0041103c                _sbrk_r
 .text.__ssprint_r
                0x00411060       0xfc c:/program files (x86)/atmel/studio/7.0/toolchain/arm/arm-gnu-toolchain/bin/../lib/gcc/arm-none-eabi/6.3.1/../../../../arm-none-eabi/lib/thumb/v7e-m\libc.a(lib_a-svfiprintf.o)
                0x00411060                __ssprint_r
 .text.__register_exitproc
                0x0041115c       0xc4 c:/program files (x86)/atmel/studio/7.0/toolchain/arm/arm-gnu-toolchain/bin/../lib/gcc/arm-none-eabi/6.3.1/../../../../arm-none-eabi/lib/thumb/v7e-m\libc.a(lib_a-__atexit.o)
                0x0041115c                __register_exitproc
 .text._calloc_r
                0x00411220       0x60 c:/program files (x86)/atmel/studio/7.0/toolchain/arm/arm-gnu-toolchain/bin/../lib/gcc/arm-none-eabi/6.3.1/../../../../arm-none-eabi/lib/thumb/v7e-m\libc.a(lib_a-callocr.o)
                0x00411220                _calloc_r
 .text._malloc_trim_r
                0x00411280       0xa0 c:/program files (x86)/atmel/studio/7.0/toolchain/arm/arm-gnu-toolchain/bin/../lib/gcc/arm-none-eabi/6.3.1/../../../../arm-none-eabi/lib/thumb/v7e-m\libc.a(lib_a-freer.o)
                0x00411280                _malloc_trim_r
 .text._free_r  0x00411320      0x1cc c:/program files (x86)/atmel/studio/7.0/toolchain/arm/arm-gnu-toolchain/bin/../lib/gcc/arm-none-eabi/6.3.1/../../../../arm-none-eabi/lib/thumb/v7e-m\libc.a(lib_a-freer.o)
                0x00411320                _free_r
 .text.__ascii_mbtowc
                0x004114ec       0x2c c:/program files (x86)/atmel/studio/7.0/toolchain/arm/arm-gnu-toolchain/bin/../lib/gcc/arm-none-eabi/6.3.1/../../../../arm-none-eabi/lib/thumb/v7e-m\libc.a(lib_a-mbtowc_r.o)
                0x004114ec                __ascii_mbtowc
 .text.memmove  0x00411518       0xc8 c:/program files (x86)/atmel/studio/7.0/toolchain/arm/arm-gnu-toolchain/bin/../lib/gcc/arm-none-eabi/6.3.1/../../../../arm-none-eabi/lib/thumb/v7e-m\libc.a(lib_a-memmove.o)
                0x00411518                memmove
 .text._realloc_r
                0x004115e0      0x34c c:/program files (x86)/atmel/studio/7.0/toolchain/arm/arm-gnu-toolchain/bin/../lib/gcc/arm-none-eabi/6.3.1/../../../../arm-none-eabi/lib/thumb/v7e-m\libc.a(lib_a-reallocr.o)
                0x004115e0                _realloc_r
 .text.__ascii_wctomb
                0x0041192c       0x1c c:/program files (x86)/atmel/studio/7.0/toolchain/arm/arm-gnu-toolchain/bin/../lib/gcc/arm-none-eabi/6.3.1/../../../../arm-none-eabi/lib/thumb/v7e-m\libc.a(lib_a-wctomb_r.o)
                0x0041192c                __ascii_wctomb
 .text          0x00411948       0x30 c:/program files (x86)/atmel/studio/7.0/toolchain/arm/arm-gnu-toolchain/bin/../lib/gcc/arm-none-eabi/6.3.1/thumb/v7e-m\libgcc.a(_aeabi_uldivmod.o)
                0x00411948                __aeabi_uldivmod
 .text          0x00411978      0x2dc c:/program files (x86)/atmel/studio/7.0/toolchain/arm/arm-gnu-toolchain/bin/../lib/gcc/arm-none-eabi/6.3.1/thumb/v7e-m\libgcc.a(_udivmoddi4.o)
                0x00411978                __udivmoddi4
 .text          0x00411c54        0x4 c:/program files (x86)/atmel/studio/7.0/toolchain/arm/arm-gnu-toolchain/bin/../lib/gcc/arm-none-eabi/6.3.1/thumb/v7e-m\libgcc.a(_dvmd_tls.o)
                0x00411c54                __aeabi_idiv0
                0x00411c54                __aeabi_ldiv0
 *(.glue_7t)
 .glue_7t       0x00411c58        0x0 linker stubs
 *(.glue_7)
 .glue_7        0x00411c58        0x0 linker stubs
 *(.rodata .rodata* .gnu.linkonce.r.*)
 .rodata.InsertDigitAccessory.str1.1
                0x00411c58        0xf src/Accessory.o
                                 0x11 (size before relaxing)
 *fill*         0x00411c67        0x1 
 .rodata.adc_interrupt_mask
                0x00411c68       0x60 src/ASF/sam/drivers/adc/adc2.o
                0x00411c68                adc_interrupt_mask
 .rodata.gKRPM  0x00411cc8      0x3d0 src/motor_speed.o
                0x00411cc8                gKRPM
 .rodata.gKVolts
                0x00412098      0x7a0 src/motor_speed.o
                0x00412098                gKVolts
 .rodata.motor_speed.str1.1
                0x00412838       0x15 src/motor_speed.o
 *fill*         0x0041284d        0x3 
 .rodata.qmax_rpm
                0x00412850       0xf4 src/motor_speed.o
                0x00412850                qmax_rpm
 .rodata.str1.1
                0x00412944       0x14 src/motor_speed.o
 .rodata.Serial_print.str1.1
                0x00412958        0xe src/Serial1_Class.o
 .rodata.Serial_println1.str1.1
                0x00412966        0x3 src/Serial1_Class.o
 .rodata.PrintPositionNTC.str1.1
                0x00412969       0x17 src/shell.o
 .rodata.Set_dataMotors.str1.1
                0x00412980       0xfc src/shell.o
                                0x103 (size before relaxing)
 .rodata.SettingNTC.str1.1
                0x00412a7c       0x25 src/shell.o
 .rodata.Stampa_Prompt.str1.1
                0x00412aa1       0x1f src/shell.o
                                 0x21 (size before relaxing)
 .rodata.WriteEepromDefault.str1.1
                0x00412ac0       0x13 src/shell.o
                                 0x15 (size before relaxing)
 .rodata.manualTesting.str1.1
                0x00412ad3       0x23 src/shell.o
 .rodata.printPrompMenu6.str1.1
                0x00412af6       0x19 src/shell.o
 .rodata.readWeeklyProg.str1.1
                0x00412b0f       0x56 src/shell.o
 .rodata.read_cfg_data.str1.1
                0x00412b65       0x78 src/shell.o
 .rodata.shell_config_menu.str1.1
                0x00412bdd       0x77 src/shell.o
 .rodata.str_0_Row_MainMenu
                0x00412c54       0x24 src/shell.o
                0x00412c54                str_0_Row_MainMenu
 .rodata.str_1_Row_MainMenu
                0x00412c78       0x1b src/shell.o
                0x00412c78                str_1_Row_MainMenu
 .rodata.str_2_Row_MainMenu
                0x00412c93       0x1d src/shell.o
                0x00412c93                str_2_Row_MainMenu
 .rodata.str_3_Row_MainMenu
                0x00412cb0       0x1a src/shell.o
                0x00412cb0                str_3_Row_MainMenu
 .rodata.str_4_Row_MainMenu
                0x00412cca       0x1f src/shell.o
                0x00412cca                str_4_Row_MainMenu
 .rodata.str_5_Row_MainMenu
                0x00412ce9       0x12 src/shell.o
                0x00412ce9                str_5_Row_MainMenu
 .rodata.str_6_Row_MainMenu
                0x00412cfb       0x22 src/shell.o
                0x00412cfb                str_6_Row_MainMenu
 .rodata.str_7_Row_MainMenu
                0x00412d1d       0x1c src/shell.o
                0x00412d1d                str_7_Row_MainMenu
 .rodata.str_8_Row_MainMenu
                0x00412d39       0x1a src/shell.o
                0x00412d39                str_8_Row_MainMenu
 .rodata.str_9_Row_MainMenu
                0x00412d53       0x21 src/shell.o
                0x00412d53                str_9_Row_MainMenu
 .rodata.str_Accessory_2_Menu
                0x00412d74       0x17 src/shell.o
                0x00412d74                str_Accessory_2_Menu
 .rodata.str_Bypass_2_Menu
                0x00412d8b       0x17 src/shell.o
                0x00412d8b                str_Bypass_2_Menu
 .rodata.str_Bypass_4_Menu
                0x00412da2       0x2c src/shell.o
                0x00412da2                str_Bypass_4_Menu
 .rodata.str_CapMotors_2_Menu
                0x00412dce       0x17 src/shell.o
                0x00412dce                str_CapMotors_2_Menu
 .rodata.str_CapMotors_4_Menu
                0x00412de5       0x28 src/shell.o
                0x00412de5                str_CapMotors_4_Menu
 .rodata.str_Control_2_Menu
                0x00412e0d       0x17 src/shell.o
                0x00412e0d                str_Control_2_Menu
 .rodata.str_EnabCAF_2_Menu
                0x00412e24       0x17 src/shell.o
                0x00412e24                str_EnabCAF_2_Menu
 .rodata.str_EnabCAP_2_Menu
                0x00412e3b       0x17 src/shell.o
                0x00412e3b                str_EnabCAP_2_Menu
 .rodata.str_Enab_CAF_4_Menu
                0x00412e52       0x24 src/shell.o
                0x00412e52                str_Enab_CAF_4_Menu
 .rodata.str_Enab_CAP_4_Menu
                0x00412e76       0x24 src/shell.o
                0x00412e76                str_Enab_CAP_4_Menu
 .rodata.str_Error_9_Menu
                0x00412e9a       0x24 src/shell.o
                0x00412e9a                str_Error_9_Menu
 .rodata.str_Info_cfg_NTC_5_Menu
                0x00412ebe       0x3e src/shell.o
                0x00412ebe                str_Info_cfg_NTC_5_Menu
 .rodata.str_NumMotors_2_Menu
                0x00412efc       0x17 src/shell.o
                0x00412efc                str_NumMotors_2_Menu
 .rodata.str_NumMotors_4_Menu
                0x00412f13       0x23 src/shell.o
                0x00412f13                str_NumMotors_4_Menu
 .rodata.str_NumNTC_2_Menu
                0x00412f36       0x17 src/shell.o
                0x00412f36                str_NumNTC_2_Menu
 .rodata.str_NumPulse_2_Menu
                0x00412f4d       0x17 src/shell.o
                0x00412f4d                str_NumPulse_2_Menu
 .rodata.str_NumPulse_4_Menu
                0x00412f64       0x2f src/shell.o
                0x00412f64                str_NumPulse_4_Menu
 .rodata.str_PosNTC_2_Menu
                0x00412f93       0x17 src/shell.o
                0x00412f93                str_PosNTC_2_Menu
 .rodata.str_SerNumb_2_Menu
                0x00412faa       0x17 src/shell.o
                0x00412faa                str_SerNumb_2_Menu
 .rodata.str_Title_1_Menu
                0x00412fc1       0x22 src/shell.o
                0x00412fc1                str_Title_1_Menu
 .rodata.str_Title_2_Menu
                0x00412fe3       0x24 src/shell.o
                0x00412fe3                str_Title_2_Menu
 .rodata.str_Title_3_Menu
                0x00413007       0x21 src/shell.o
                0x00413007                str_Title_3_Menu
 .rodata.str_Title_4_Menu
                0x00413028       0x26 src/shell.o
                0x00413028                str_Title_4_Menu
 .rodata.str_Title_5_Menu
                0x0041304e       0x19 src/shell.o
                0x0041304e                str_Title_5_Menu
 .rodata.str_Title_6_Menu
                0x00413067       0x26 src/shell.o
                0x00413067                str_Title_6_Menu
 .rodata.str_Title_8_Menu
                0x0041308d       0x21 src/shell.o
                0x0041308d                str_Title_8_Menu
 .rodata.str_Title_MainMenu
                0x004130ae       0x24 src/shell.o
                0x004130ae                str_Title_MainMenu
 .rodata.str_VerHW_2_Menu
                0x004130d2       0x17 src/shell.o
                0x004130d2                str_VerHW_2_Menu
 .rodata.str_VerSW_2_Menu
                0x004130e9       0x17 src/shell.o
                0x004130e9                str_VerSW_2_Menu
 .rodata.str_actualy_SN_3_Menu
                0x00413100       0x11 src/shell.o
                0x00413100                str_actualy_SN_3_Menu
 .rodata.str_addrUnit_2_Menu
                0x00413111       0x17 src/shell.o
                0x00413111                str_addrUnit_2_Menu
 .rodata.str_confirm_1_Menu
                0x00413128       0x3d src/shell.o
                0x00413128                str_confirm_1_Menu
 .rodata.str_enter_NTC_5_Menu
                0x00413165       0x33 src/shell.o
                0x00413165                str_enter_NTC_5_Menu
 .rodata.str_enter_SN_3_Menu
                0x00413198       0x3e src/shell.o
                0x00413198                str_enter_SN_3_Menu
 .rodata.str_enter_SN_DESC_1
                0x004131d6       0x3d src/shell.o
                0x004131d6                str_enter_SN_DESC_1
 .rodata.str_enter_SN_DESC_2
                0x00413213       0x28 src/shell.o
                0x00413213                str_enter_SN_DESC_2
 .rodata.str_enter_SN_DESC_3
                0x0041323b       0x22 src/shell.o
                0x0041323b                str_enter_SN_DESC_3
 .rodata.str_enter_SN_DESC_4
                0x0041325d       0x22 src/shell.o
                0x0041325d                str_enter_SN_DESC_4
 .rodata.str_error1_3_Menu
                0x0041327f       0x1f src/shell.o
                0x0041327f                str_error1_3_Menu
 .rodata.str_error1_4_Menu
                0x0041329e       0x3d src/shell.o
                0x0041329e                str_error1_4_Menu
 .rodata.str_error1_5_Menu
                0x004132db       0x3f src/shell.o
                0x004132db                str_error1_5_Menu
 .rodata.str_error2_3_Menu
                0x0041331a       0x2e src/shell.o
                0x0041331a                str_error2_3_Menu
 .rodata.str_error3_3_Menu
                0x00413348       0x31 src/shell.o
                0x00413348                str_error3_3_Menu
 .rodata.str_error4_4_Menu
                0x00413379       0x2e src/shell.o
                0x00413379                str_error4_4_Menu
 .rodata.str_error_char_1_Menu
                0x004133a7       0x38 src/shell.o
                0x004133a7                str_error_char_1_Menu
 .rodata.str_ex_1_cfg_NTC_5_Menu
                0x004133df       0x38 src/shell.o
                0x004133df                str_ex_1_cfg_NTC_5_Menu
 .rodata.str_ex_2_cfg_NTC_5_Menu
                0x00413417       0x38 src/shell.o
                0x00413417                str_ex_2_cfg_NTC_5_Menu
 .rodata.str_new_NTC_5_Menu
                0x0041344f       0x18 src/shell.o
                0x0041344f                str_new_NTC_5_Menu
 .rodata.str_new_SN_3_Menu
                0x00413467       0x11 src/shell.o
                0x00413467                str_new_SN_3_Menu
 .rodata.str_row0_6_Menu
                0x00413478       0x19 src/shell.o
                0x00413478                str_row0_6_Menu
 .rodata.str_row1_6_Menu
                0x00413491       0x12 src/shell.o
                0x00413491                str_row1_6_Menu
 .rodata.str_row2_6_Menu
                0x004134a3        0xe src/shell.o
                0x004134a3                str_row2_6_Menu
 .rodata.str_row3_6_Menu
                0x004134b1       0x15 src/shell.o
                0x004134b1                str_row3_6_Menu
 .rodata.str_row4_6_Menu
                0x004134c6       0x12 src/shell.o
                0x004134c6                str_row4_6_Menu
 .rodata.str_row5_6_Menu
                0x004134d8       0x12 src/shell.o
                0x004134d8                str_row5_6_Menu
 .rodata.str_row6_6_Menu
                0x004134ea       0x13 src/shell.o
                0x004134ea                str_row6_6_Menu
 .rodata.str_set_cfg_NTC_5_Menu
                0x004134fd       0x28 src/shell.o
                0x004134fd                str_set_cfg_NTC_5_Menu
 .rodata.writeConfigUnit.str1.1
                0x00413525       0x64 src/shell.o
 .rodata.print_bit_I2C.str1.1
                0x00413589       0x2f src/Testing_HW.o
                                 0x32 (size before relaxing)
 .rodata.print_result_test.str1.1
                0x004135b8       0x1e src/Testing_HW.o
                                 0x20 (size before relaxing)
 .rodata.str_1_test_BDP
                0x004135d6       0x18 src/Testing_HW.o
                0x004135d6                str_1_test_BDP
 .rodata.str_1_test_I2C
                0x004135ee       0x15 src/Testing_HW.o
                0x004135ee                str_1_test_I2C
 .rodata.str_1_test_IO
                0x00413603       0x1e src/Testing_HW.o
                0x00413603                str_1_test_IO
 .rodata.str_1_test_SM
                0x00413621       0x1b src/Testing_HW.o
                0x00413621                str_1_test_SM
 .rodata.str_1_test_motors
                0x0041363c       0x18 src/Testing_HW.o
                0x0041363c                str_1_test_motors
 .rodata.str_1_test_uart1
                0x00413654       0x17 src/Testing_HW.o
                0x00413654                str_1_test_uart1
 .rodata.str_2_test_BDP
                0x0041366b        0xf src/Testing_HW.o
                0x0041366b                str_2_test_BDP
 .rodata.str_2_test_I2C
                0x0041367a       0x10 src/Testing_HW.o
                0x0041367a                str_2_test_I2C
 .rodata.str_2_test_IO
                0x0041368a       0x29 src/Testing_HW.o
                0x0041368a                str_2_test_IO
 .rodata.str_2_test_SM
                0x004136b3       0x34 src/Testing_HW.o
                0x004136b3                str_2_test_SM
 .rodata.str_2_test_motors
                0x004136e7       0x1e src/Testing_HW.o
                0x004136e7                str_2_test_motors
 .rodata.str_3_test_BDP
                0x00413705        0xf src/Testing_HW.o
                0x00413705                str_3_test_BDP
 .rodata.str_3_test_I2C
                0x00413714       0x10 src/Testing_HW.o
                0x00413714                str_3_test_I2C
 .rodata.str_3_test_IO
                0x00413724       0x1d src/Testing_HW.o
                0x00413724                str_3_test_IO
 .rodata.str_3_test_SM
                0x00413741       0x34 src/Testing_HW.o
                0x00413741                str_3_test_SM
 .rodata.str_3_test_motors
                0x00413775       0x2a src/Testing_HW.o
                0x00413775                str_3_test_motors
 .rodata.str_4_test_IO
                0x0041379f       0x1b src/Testing_HW.o
                0x0041379f                str_4_test_IO
 .rodata.str_4_test_motors
                0x004137ba       0x30 src/Testing_HW.o
                0x004137ba                str_4_test_motors
 .rodata.str_5_test_IO
                0x004137ea       0x1b src/Testing_HW.o
                0x004137ea                str_5_test_IO
 .rodata.str_5_test_motors
                0x00413805       0x2d src/Testing_HW.o
                0x00413805                str_5_test_motors
 .rodata.str_6_test_IO
                0x00413832       0x1b src/Testing_HW.o
                0x00413832                str_6_test_IO
 .rodata.str_7_test_IO
                0x0041384d       0x1c src/Testing_HW.o
                0x0041384d                str_7_test_IO
 .rodata.str_8_test_IO
                0x00413869       0x11 src/Testing_HW.o
                0x00413869                str_8_test_IO
 .rodata.str_9_test_IO
                0x0041387a       0x11 src/Testing_HW.o
                0x0041387a                str_9_test_IO
 .rodata.str_HW_Testing
                0x0041388b       0x38 src/Testing_HW.o
                0x0041388b                str_HW_Testing
 .rodata.str_msg_uart1
                0x004138c3       0x38 src/Testing_HW.o
                0x004138c3                str_msg_uart1
 .rodata.testMotors.str1.1
                0x004138fb       0x74 src/Testing_HW.o
 .rodata.testSleepMode.str1.1
                0x0041396f       0x49 src/Testing_HW.o
 .rodata.testUart1.str1.1
                0x004139b8       0x3f src/Testing_HW.o
 .rodata.test_IO.str1.1
                0x004139f7       0x1d src/Testing_HW.o
 .rodata.test_bypass.str1.1
                0x00413a14       0x14 src/Testing_HW.o
                                 0x22 (size before relaxing)
 .rodata.ctrl_eeprom.str1.1
                0x00413a28       0x3a src/eeprom_func.o
                                 0x3d (size before relaxing)
 .rodata.vect_default_eeprom
                0x00413a62       0xf1 src/eeprom_func.o
                0x00413a62                vect_default_eeprom
 .rodata.Check_SerialNumber.str1.1
                0x00413b53       0x16 src/HW_func.o
 *fill*         0x00413b69        0x3 
 .rodata.KF1_1  0x00413b6c        0x4 src/main.o
                0x00413b6c                KF1_1
 .rodata.KF1_2  0x00413b70        0x4 src/main.o
                0x00413b70                KF1_2
 .rodata.KF1_3  0x00413b74        0x4 src/main.o
                0x00413b74                KF1_3
 .rodata.KF1_4  0x00413b78        0x4 src/main.o
                0x00413b78                KF1_4
 .rodata.VERSION_FW
                0x00413b7c        0x5 src/main.o
                0x00413b7c                VERSION_FW
 *fill*         0x00413b81        0x3 
 .rodata.pAnAssorb_ByPass
                0x00413b84        0x4 src/main.o
                0x00413b84                pAnAssorb_ByPass
 .rodata.pAnAssorb_KTS
                0x00413b88        0x4 src/main.o
                0x00413b88                pAnAssorb_KTS
 .rodata.pAnInp1
                0x00413b8c        0x4 src/main.o
                0x00413b8c                pAnInp1
 .rodata.pAnInp2
                0x00413b90        0x4 src/main.o
                0x00413b90                pAnInp2
 .rodata.pAnSensQual_Ari1
                0x00413b94        0x4 src/main.o
                0x00413b94                pAnSensQual_Ari1
 .rodata.log.str1.4
                0x00413b98        0x4 c:/program files (x86)/atmel/studio/7.0/toolchain/arm/arm-gnu-toolchain/bin/../lib/gcc/arm-none-eabi/6.3.1/../../../../arm-none-eabi/lib/thumb/v7e-m\libm.a(lib_a-w_log.o)
                                  0x5 (size before relaxing)
 .rodata.sqrt.str1.4
                0x00413b9c        0x5 c:/program files (x86)/atmel/studio/7.0/toolchain/arm/arm-gnu-toolchain/bin/../lib/gcc/arm-none-eabi/6.3.1/../../../../arm-none-eabi/lib/thumb/v7e-m\libm.a(lib_a-w_sqrt.o)
 *fill*         0x00413ba1        0x3 
 .rodata._global_impure_ptr
                0x00413ba4        0x4 c:/program files (x86)/atmel/studio/7.0/toolchain/arm/arm-gnu-toolchain/bin/../lib/gcc/arm-none-eabi/6.3.1/../../../../arm-none-eabi/lib/thumb/v7e-m\libc.a(lib_a-impure.o)
                0x00413ba4                _global_impure_ptr
 .rodata._svfprintf_r.str1.4
                0x00413ba8       0x42 c:/program files (x86)/atmel/studio/7.0/toolchain/arm/arm-gnu-toolchain/bin/../lib/gcc/arm-none-eabi/6.3.1/../../../../arm-none-eabi/lib/thumb/v7e-m\libc.a(lib_a-svfprintf.o)
 *fill*         0x00413bea        0x2 
 .rodata.blanks.7223
                0x00413bec       0x10 c:/program files (x86)/atmel/studio/7.0/toolchain/arm/arm-gnu-toolchain/bin/../lib/gcc/arm-none-eabi/6.3.1/../../../../arm-none-eabi/lib/thumb/v7e-m\libc.a(lib_a-svfprintf.o)
 .rodata.zeroes.7224
                0x00413bfc       0x10 c:/program files (x86)/atmel/studio/7.0/toolchain/arm/arm-gnu-toolchain/bin/../lib/gcc/arm-none-eabi/6.3.1/../../../../arm-none-eabi/lib/thumb/v7e-m\libc.a(lib_a-svfprintf.o)
 .rodata._dtoa_r.str1.4
                0x00413c0c       0x10 c:/program files (x86)/atmel/studio/7.0/toolchain/arm/arm-gnu-toolchain/bin/../lib/gcc/arm-none-eabi/6.3.1/../../../../arm-none-eabi/lib/thumb/v7e-m\libc.a(lib_a-dtoa.o)
                                 0x12 (size before relaxing)
 *fill*         0x00413c1c        0x4 
 .rodata.__mprec_bigtens
                0x00413c20       0x28 c:/program files (x86)/atmel/studio/7.0/toolchain/arm/arm-gnu-toolchain/bin/../lib/gcc/arm-none-eabi/6.3.1/../../../../arm-none-eabi/lib/thumb/v7e-m\libc.a(lib_a-mprec.o)
                0x00413c20                __mprec_bigtens
 .rodata.__mprec_tens
                0x00413c48       0xc8 c:/program files (x86)/atmel/studio/7.0/toolchain/arm/arm-gnu-toolchain/bin/../lib/gcc/arm-none-eabi/6.3.1/../../../../arm-none-eabi/lib/thumb/v7e-m\libc.a(lib_a-mprec.o)
                0x00413c48                __mprec_tens
 .rodata.p05.6055
                0x00413d10        0xc c:/program files (x86)/atmel/studio/7.0/toolchain/arm/arm-gnu-toolchain/bin/../lib/gcc/arm-none-eabi/6.3.1/../../../../arm-none-eabi/lib/thumb/v7e-m\libc.a(lib_a-mprec.o)
 .rodata._setlocale_r.str1.4
                0x00413d1c        0xa c:/program files (x86)/atmel/studio/7.0/toolchain/arm/arm-gnu-toolchain/bin/../lib/gcc/arm-none-eabi/6.3.1/../../../../arm-none-eabi/lib/thumb/v7e-m\libc.a(lib_a-locale.o)
                                  0xd (size before relaxing)
 *fill*         0x00413d26        0x2 
 .rodata.str1.4
                0x00413d28        0x4 c:/program files (x86)/atmel/studio/7.0/toolchain/arm/arm-gnu-toolchain/bin/../lib/gcc/arm-none-eabi/6.3.1/../../../../arm-none-eabi/lib/thumb/v7e-m\libc.a(lib_a-locale.o)
                                  0x2 (size before relaxing)
 .rodata._ctype_
                0x00413d2c      0x101 c:/program files (x86)/atmel/studio/7.0/toolchain/arm/arm-gnu-toolchain/bin/../lib/gcc/arm-none-eabi/6.3.1/../../../../arm-none-eabi/lib/thumb/v7e-m\libc.a(lib_a-ctype_.o)
                0x00413d2c                _ctype_
 *(.ARM.extab* .gnu.linkonce.armextab.*)
                0x00413e30                . = ALIGN (0x4)
 *fill*         0x00413e2d        0x3 
 *(.init)
 .init          0x00413e30        0x4 c:/program files (x86)/atmel/studio/7.0/toolchain/arm/arm-gnu-toolchain/bin/../lib/gcc/arm-none-eabi/6.3.1/thumb/v7e-m/crti.o
                0x00413e30                _init
 .init          0x00413e34        0x8 c:/program files (x86)/atmel/studio/7.0/toolchain/arm/arm-gnu-toolchain/bin/../lib/gcc/arm-none-eabi/6.3.1/thumb/v7e-m/crtn.o
                0x00413e3c                . = ALIGN (0x4)
                0x00413e3c                __preinit_array_start = .
 *(.preinit_array)
                0x00413e3c                __preinit_array_end = .
                0x00413e3c                . = ALIGN (0x4)
                0x00413e3c                __init_array_start = .
 *(SORT(.init_array.*))
 .init_array.00000
                0x00413e3c        0x4 c:/program files (x86)/atmel/studio/7.0/toolchain/arm/arm-gnu-toolchain/bin/../lib/gcc/arm-none-eabi/6.3.1/../../../../arm-none-eabi/lib/thumb/v7e-m\libc.a(lib_a-__call_atexit.o)
 *(.init_array)
 .init_array    0x00413e40        0x4 c:/program files (x86)/atmel/studio/7.0/toolchain/arm/arm-gnu-toolchain/bin/../lib/gcc/arm-none-eabi/6.3.1/thumb/v7e-m/crtbegin.o
                0x00413e44                __init_array_end = .
                0x00413e44                . = ALIGN (0x4)
 *crtbegin.o(.ctors)
 *(EXCLUDE_FILE(*crtend.o) .ctors)
 *(SORT(.ctors.*))
 *crtend.o(.ctors)
                0x00413e44                . = ALIGN (0x4)
 *(.fini)
 .fini          0x00413e44        0x4 c:/program files (x86)/atmel/studio/7.0/toolchain/arm/arm-gnu-toolchain/bin/../lib/gcc/arm-none-eabi/6.3.1/thumb/v7e-m/crti.o
                0x00413e44                _fini
 .fini          0x00413e48        0x8 c:/program files (x86)/atmel/studio/7.0/toolchain/arm/arm-gnu-toolchain/bin/../lib/gcc/arm-none-eabi/6.3.1/thumb/v7e-m/crtn.o
                0x00413e50                . = ALIGN (0x4)
                0x00413e50                __fini_array_start = .
 *(.fini_array)
 .fini_array    0x00413e50        0x4 c:/program files (x86)/atmel/studio/7.0/toolchain/arm/arm-gnu-toolchain/bin/../lib/gcc/arm-none-eabi/6.3.1/thumb/v7e-m/crtbegin.o
 *(SORT(.fini_array.*))
                0x00413e54                __fini_array_end = .
 *crtbegin.o(.dtors)
 *(EXCLUDE_FILE(*crtend.o) .dtors)
 *(SORT(.dtors.*))
 *crtend.o(.dtors)
                0x00413e54                . = ALIGN (0x4)
                0x00413e54                _efixed = .
                [!provide]                PROVIDE (__exidx_start, .)

.vfp11_veneer   0x00413e54        0x0
 .vfp11_veneer  0x00413e54        0x0 linker stubs

.v4_bx          0x00413e54        0x0
 .v4_bx         0x00413e54        0x0 linker stubs

.iplt           0x00413e54        0x0
 .iplt          0x00413e54        0x0 c:/program files (x86)/atmel/studio/7.0/toolchain/arm/arm-gnu-toolchain/bin/../lib/gcc/arm-none-eabi/6.3.1/thumb/v7e-m/crtbegin.o

.ARM.exidx      0x00413e54        0x8
 *(.ARM.exidx* .gnu.linkonce.armexidx.*)
 .ARM.exidx     0x00413e54        0x8 c:/program files (x86)/atmel/studio/7.0/toolchain/arm/arm-gnu-toolchain/bin/../lib/gcc/arm-none-eabi/6.3.1/thumb/v7e-m\libgcc.a(_udivmoddi4.o)
                [!provide]                PROVIDE (__exidx_end, .)

.eh_frame       0x00413e5c        0x0
 .eh_frame      0x00413e5c        0x0 c:/program files (x86)/atmel/studio/7.0/toolchain/arm/arm-gnu-toolchain/bin/../lib/gcc/arm-none-eabi/6.3.1/thumb/v7e-m/crtbegin.o

.rel.dyn        0x00413e5c        0x0
 .rel.iplt      0x00413e5c        0x0 c:/program files (x86)/atmel/studio/7.0/toolchain/arm/arm-gnu-toolchain/bin/../lib/gcc/arm-none-eabi/6.3.1/thumb/v7e-m/crtbegin.o

.jcr            0x00413e5c        0x0
 .jcr           0x00413e5c        0x0 c:/program files (x86)/atmel/studio/7.0/toolchain/arm/arm-gnu-toolchain/bin/../lib/gcc/arm-none-eabi/6.3.1/thumb/v7e-m/crtbegin.o

.igot.plt       0x00413e5c        0x0
 .igot.plt      0x00413e5c        0x0 c:/program files (x86)/atmel/studio/7.0/toolchain/arm/arm-gnu-toolchain/bin/../lib/gcc/arm-none-eabi/6.3.1/thumb/v7e-m/crtbegin.o
                0x00413e5c                . = ALIGN (0x4)
                0x00413e5c                _etext = .

.relocate       0x20000000      0xa70 load address 0x00413e5c
                0x20000000                . = ALIGN (0x4)
                0x20000000                _srelocate = .
 *(.ramfunc .ramfunc.*)
 .ramfunc       0x20000000       0x78 src/ASF/sam/drivers/efc/efc.o
                0x20000000                efc_perform_read_sequence
                0x2000005c                efc_write_fmr
                0x20000060                efc_perform_fcr
 .ramfunc       0x20000078        0xa src/ASF/common/services/delay/sam/cycle_counter.o
                0x20000078                portable_delay_cycles
 *(.data .data.*)
 .data.gUnitModels
                0x20000082       0x1e src/motor_speed.o
                0x20000082                gUnitModels
 .data.unbalance_deFrost
                0x200000a0        0x4 src/motor_speed.o
                0x200000a0                unbalance_deFrost
 .data.lenRXU2_old
                0x200000a4        0x1 src/Seriale_2.o
                0x200000a4                lenRXU2_old
 .data.g_interrupt_enabled
                0x200000a5        0x1 src/ASF/common/utils/interrupt/interrupt_sam_nvic.o
                0x200000a5                g_interrupt_enabled
 *fill*         0x200000a6        0x2 
 .data.SystemCoreClock
                0x200000a8        0x4 src/ASF/sam/utils/cmsis/sam4n/source/templates/system_sam4n.o
                0x200000a8                SystemCoreClock
 .data.RotaBypass
                0x200000ac        0x1 src/HW_func.o
                0x200000ac                RotaBypass
 *fill*         0x200000ad        0x1 
 .data.count_sum
                0x200000ae        0x2 src/HW_func.o
                0x200000ae                count_sum
 .data.count_win
                0x200000b0        0x2 src/HW_func.o
                0x200000b0                count_win
 .data.soft_start
                0x200000b2        0x2 src/HW_func.o
                0x200000b2                soft_start
 .data.change_EBP2
                0x200000b4        0x1 src/main.o
                0x200000b4                change_EBP2
 .data.change_EBPD
                0x200000b5        0x1 src/main.o
                0x200000b5                change_EBPD
 .data.change_SSR
                0x200000b6        0x1 src/main.o
                0x200000b6                change_SSR
 .data.countdown_Update_EepromToShadow
                0x200000b7        0x1 src/main.o
                0x200000b7                countdown_Update_EepromToShadow
 .data.i_TExaust
                0x200000b8        0x1 src/main.o
                0x200000b8                i_TExaust
 .data.i_TReturn
                0x200000b9        0x1 src/main.o
                0x200000b9                i_TReturn
 .data.i_TSupply
                0x200000ba        0x1 src/main.o
                0x200000ba                i_TSupply
 .data.info_EBPD
                0x200000bb        0x1 src/main.o
                0x200000bb                info_EBPD
 .data.__fdlib_version
                0x200000bc        0x1 c:/program files (x86)/atmel/studio/7.0/toolchain/arm/arm-gnu-toolchain/bin/../lib/gcc/arm-none-eabi/6.3.1/../../../../arm-none-eabi/lib/thumb/v7e-m\libm.a(lib_a-s_lib_ver.o)
                0x200000bc                __fdlib_version
 *fill*         0x200000bd        0x3 
 .data._impure_ptr
                0x200000c0        0x4 c:/program files (x86)/atmel/studio/7.0/toolchain/arm/arm-gnu-toolchain/bin/../lib/gcc/arm-none-eabi/6.3.1/../../../../arm-none-eabi/lib/thumb/v7e-m\libc.a(lib_a-impure.o)
                0x200000c0                _impure_ptr
 *fill*         0x200000c4        0x4 
 .data.impure_data
                0x200000c8      0x428 c:/program files (x86)/atmel/studio/7.0/toolchain/arm/arm-gnu-toolchain/bin/../lib/gcc/arm-none-eabi/6.3.1/../../../../arm-none-eabi/lib/thumb/v7e-m\libc.a(lib_a-impure.o)
 .data.__atexit_recursive_mutex
                0x200004f0        0x4 c:/program files (x86)/atmel/studio/7.0/toolchain/arm/arm-gnu-toolchain/bin/../lib/gcc/arm-none-eabi/6.3.1/../../../../arm-none-eabi/lib/thumb/v7e-m\libc.a(lib_a-__call_atexit.o)
                0x200004f0                __atexit_recursive_mutex
 .data.__malloc_av_
                0x200004f4      0x408 c:/program files (x86)/atmel/studio/7.0/toolchain/arm/arm-gnu-toolchain/bin/../lib/gcc/arm-none-eabi/6.3.1/../../../../arm-none-eabi/lib/thumb/v7e-m\libc.a(lib_a-mallocr.o)
                0x200004f4                __malloc_av_
 .data.__malloc_sbrk_base
                0x200008fc        0x4 c:/program files (x86)/atmel/studio/7.0/toolchain/arm/arm-gnu-toolchain/bin/../lib/gcc/arm-none-eabi/6.3.1/../../../../arm-none-eabi/lib/thumb/v7e-m\libc.a(lib_a-mallocr.o)
                0x200008fc                __malloc_sbrk_base
 .data.__malloc_trim_threshold
                0x20000900        0x4 c:/program files (x86)/atmel/studio/7.0/toolchain/arm/arm-gnu-toolchain/bin/../lib/gcc/arm-none-eabi/6.3.1/../../../../arm-none-eabi/lib/thumb/v7e-m\libc.a(lib_a-mallocr.o)
                0x20000900                __malloc_trim_threshold
 .data.__global_locale
                0x20000904      0x16c c:/program files (x86)/atmel/studio/7.0/toolchain/arm/arm-gnu-toolchain/bin/../lib/gcc/arm-none-eabi/6.3.1/../../../../arm-none-eabi/lib/thumb/v7e-m\libc.a(lib_a-locale.o)
                0x20000904                __global_locale
                0x20000a70                . = ALIGN (0x4)
                0x20000a70                _erelocate = .

.bss            0x20000a70     0x12a8 load address 0x004148cc
                0x20000a70                . = ALIGN (0x4)
                0x20000a70                _sbss = .
                0x20000a70                _szero = .
 *(.bss .bss.*)
 .bss           0x20000a70       0x1c c:/program files (x86)/atmel/studio/7.0/toolchain/arm/arm-gnu-toolchain/bin/../lib/gcc/arm-none-eabi/6.3.1/thumb/v7e-m/crtbegin.o
 .bss.Airflow_CAPR
                0x20000a8c        0x2 src/Accessory.o
                0x20000a8c                Airflow_CAPR
 .bss.Airflow_CAPS
                0x20000a8e        0x2 src/Accessory.o
                0x20000a8e                Airflow_CAPS
 .bss.BPD_FW    0x20000a90        0x1 src/Accessory.o
                0x20000a90                BPD_FW
 *fill*         0x20000a91        0x3 
 .bss.CO2_1_Raw_Gas_Value
                0x20000a94        0x4 src/Accessory.o
                0x20000a94                CO2_1_Raw_Gas_Value
 .bss.CO2_1_array
                0x20000a98       0x60 src/Accessory.o
                0x20000a98                CO2_1_array
 .bss.CO2_2_Raw_Gas_Value
                0x20000af8        0x4 src/Accessory.o
                0x20000af8                CO2_2_Raw_Gas_Value
 .bss.CO2_2_array
                0x20000afc       0x60 src/Accessory.o
                0x20000afc                CO2_2_array
 .bss.Clean_Event_Flag1
                0x20000b5c        0x1 src/Accessory.o
                0x20000b5c                Clean_Event_Flag1
 .bss.Clean_Event_Flag2
                0x20000b5d        0x1 src/Accessory.o
                0x20000b5d                Clean_Event_Flag2
 *fill*         0x20000b5e        0x2 
 .bss.Dsc_Data_Size
                0x20000b60        0x4 src/Accessory.o
                0x20000b60                Dsc_Data_Size
 .bss.Index_CO2_1
                0x20000b64        0x1 src/Accessory.o
                0x20000b64                Index_CO2_1
 .bss.Index_CO2_2
                0x20000b65        0x1 src/Accessory.o
                0x20000b65                Index_CO2_2
 .bss.Pressure_CAPR
                0x20000b66        0x2 src/Accessory.o
                0x20000b66                Pressure_CAPR
 .bss.Pressure_CAPS
                0x20000b68        0x2 src/Accessory.o
                0x20000b68                Pressure_CAPS
 .bss.Write_To_Dsc
                0x20000b6a        0x1 src/Accessory.o
                0x20000b6a                Write_To_Dsc
 *fill*         0x20000b6b        0x1 
 .bss.Zaki3     0x20000b6c        0x4 src/Accessory.o
                0x20000b6c                Zaki3
 .bss.flag_poll
                0x20000b70        0x1 src/Accessory.o
 .bss.idxSeq    0x20000b71        0x1 src/Accessory.o
 *fill*         0x20000b72        0x2 
 .bss.Acc_Adc   0x20000b74       0x2c src/ADC.o
                0x20000b74                Acc_Adc
 .bss.nSample_Adc
                0x20000ba0       0x2c src/ADC.o
                0x20000ba0                nSample_Adc
 .bss.preview_50_Mills
                0x20000bcc        0x4 src/ADC.o
                0x20000bcc                preview_50_Mills
 .bss.Log_Index
                0x20000bd0        0x1 src/Admin_Messages.o
                0x20000bd0                Log_Index
 .bss.RD_Clock_Set
                0x20000bd1        0x1 src/Admin_Messages.o
                0x20000bd1                RD_Clock_Set
 .bss.cnt_no_link_Modbus
                0x20000bd2        0x1 src/Admin_Messages.o
                0x20000bd2                cnt_no_link_Modbus
 *fill*         0x20000bd3        0x1 
 .bss.cnt_req_poll_CTRL_FAN
                0x20000bd4        0x4 src/Admin_Messages.o
                0x20000bd4                cnt_req_poll_CTRL_FAN
 .bss.cnt_resp_poll_CTRL_FAN
                0x20000bd8        0x4 src/Admin_Messages.o
                0x20000bd8                cnt_resp_poll_CTRL_FAN
 .bss.cnt_status_motors
                0x20000bdc        0x1 src/Admin_Messages.o
                0x20000bdc                cnt_status_motors
 .bss.index_packet_data
                0x20000bdd        0x1 src/Admin_Messages.o
                0x20000bdd                index_packet_data
 .bss.index_poll_ser2
                0x20000bde        0x1 src/Admin_Messages.o
                0x20000bde                index_poll_ser2
 *fill*         0x20000bdf        0x1 
 .bss.preview_3_Mills
                0x20000be0        0x4 src/Admin_Messages.o
                0x20000be0                preview_3_Mills
 .bss.stsMotorsF_buff
                0x20000be4        0x3 src/Admin_Messages.o
                0x20000be4                stsMotorsF_buff
 .bss.stsMotorsR_buff
                0x20000be7        0x3 src/Admin_Messages.o
                0x20000be7                stsMotorsR_buff
 .bss.upgrade_eep_for_Modbus
                0x20000bea        0x1 src/Admin_Messages.o
                0x20000bea                upgrade_eep_for_Modbus
 *fill*         0x20000beb        0x1 
 .bss.gs_ul_page_buffer
                0x20000bec      0x200 src/ASF/sam/services/flash_efc/flash_efc.o
 .bss.PIR_Delay_Counter
                0x20000dec        0x4 src/motor_speed.o
                0x20000dec                PIR_Delay_Counter
 .bss.Power_On_Already_Activated
                0x20000df0        0x1 src/motor_speed.o
                0x20000df0                Power_On_Already_Activated
 *fill*         0x20000df1        0x3 
 .bss.acc_measure_airflow
                0x20000df4        0x4 src/motor_speed.o
                0x20000df4                acc_measure_airflow
 .bss.acc_measure_pressure
                0x20000df8        0x4 src/motor_speed.o
                0x20000df8                acc_measure_pressure
 .bss.cnt_delay
                0x20000dfc        0x1 src/motor_speed.o
                0x20000dfc                cnt_delay
 .bss.cnt_delay1